Component: ARM Compiler 5.06 update 7 (build 960) Tool: armlink [4d3601]

==============================================================================

Section Cross References

    startup_stm32f10x_md.o(RESET) refers to startup_stm32f10x_md.o(STACK) for __initial_sp
    startup_stm32f10x_md.o(RESET) refers to startup_stm32f10x_md.o(.text) for Reset_Handler
    startup_stm32f10x_md.o(RESET) refers to stm32f10x_it.o(i.NMI_Handler) for NMI_Handler
    startup_stm32f10x_md.o(RESET) refers to stm32f10x_it.o(i.HardFault_Handler) for HardFault_Handler
    startup_stm32f10x_md.o(RESET) refers to stm32f10x_it.o(i.MemManage_Handler) for MemManage_Handler
    startup_stm32f10x_md.o(RESET) refers to stm32f10x_it.o(i.BusFault_Handler) for BusFault_Handler
    startup_stm32f10x_md.o(RESET) refers to stm32f10x_it.o(i.UsageFault_Handler) for UsageFault_Handler
    startup_stm32f10x_md.o(RESET) refers to stm32f10x_it.o(i.SVC_Handler) for SVC_Handler
    startup_stm32f10x_md.o(RESET) refers to stm32f10x_it.o(i.DebugMon_Handler) for DebugMon_Handler
    startup_stm32f10x_md.o(RESET) refers to stm32f10x_it.o(i.PendSV_Handler) for PendSV_Handler
    startup_stm32f10x_md.o(RESET) refers to stm32f10x_it.o(i.SysTick_Handler) for SysTick_Handler
    startup_stm32f10x_md.o(RESET) refers to timer2.o(i.TIM2_IRQHandler) for TIM2_IRQHandler
    startup_stm32f10x_md.o(RESET) refers to serial.o(i.USART1_IRQHandler) for USART1_IRQHandler
    startup_stm32f10x_md.o(RESET) refers to serial_3.o(i.USART3_IRQHandler) for USART3_IRQHandler
    startup_stm32f10x_md.o(.text) refers to system_stm32f10x.o(i.SystemInit) for SystemInit
    startup_stm32f10x_md.o(.text) refers to entry.o(.ARM.Collect$$$$00000000) for __main
    system_stm32f10x.o(i.SetSysClock) refers to system_stm32f10x.o(i.SetSysClockTo72) for SetSysClockTo72
    system_stm32f10x.o(i.SystemCoreClockUpdate) refers to system_stm32f10x.o(.data) for .data
    system_stm32f10x.o(i.SystemInit) refers to system_stm32f10x.o(i.SetSysClock) for SetSysClock
    stm32f10x_adc.o(i.ADC_DeInit) refers to stm32f10x_rcc.o(i.RCC_APB2PeriphResetCmd) for RCC_APB2PeriphResetCmd
    stm32f10x_bkp.o(i.BKP_DeInit) refers to stm32f10x_rcc.o(i.RCC_BackupResetCmd) for RCC_BackupResetCmd
    stm32f10x_can.o(i.CAN_DeInit) refers to stm32f10x_rcc.o(i.RCC_APB1PeriphResetCmd) for RCC_APB1PeriphResetCmd
    stm32f10x_can.o(i.CAN_GetITStatus) refers to stm32f10x_can.o(i.CheckITStatus) for CheckITStatus
    stm32f10x_cec.o(i.CEC_DeInit) refers to stm32f10x_rcc.o(i.RCC_APB1PeriphResetCmd) for RCC_APB1PeriphResetCmd
    stm32f10x_dac.o(i.DAC_DeInit) refers to stm32f10x_rcc.o(i.RCC_APB1PeriphResetCmd) for RCC_APB1PeriphResetCmd
    stm32f10x_flash.o(i.FLASH_EnableWriteProtection) refers to stm32f10x_flash.o(i.FLASH_WaitForLastOperation) for FLASH_WaitForLastOperation
    stm32f10x_flash.o(i.FLASH_EraseAllBank1Pages) refers to stm32f10x_flash.o(i.FLASH_WaitForLastBank1Operation) for FLASH_WaitForLastBank1Operation
    stm32f10x_flash.o(i.FLASH_EraseAllPages) refers to stm32f10x_flash.o(i.FLASH_WaitForLastOperation) for FLASH_WaitForLastOperation
    stm32f10x_flash.o(i.FLASH_EraseOptionBytes) refers to stm32f10x_flash.o(i.FLASH_GetReadOutProtectionStatus) for FLASH_GetReadOutProtectionStatus
    stm32f10x_flash.o(i.FLASH_EraseOptionBytes) refers to stm32f10x_flash.o(i.FLASH_WaitForLastOperation) for FLASH_WaitForLastOperation
    stm32f10x_flash.o(i.FLASH_ErasePage) refers to stm32f10x_flash.o(i.FLASH_WaitForLastOperation) for FLASH_WaitForLastOperation
    stm32f10x_flash.o(i.FLASH_ProgramHalfWord) refers to stm32f10x_flash.o(i.FLASH_WaitForLastOperation) for FLASH_WaitForLastOperation
    stm32f10x_flash.o(i.FLASH_ProgramOptionByteData) refers to stm32f10x_flash.o(i.FLASH_WaitForLastOperation) for FLASH_WaitForLastOperation
    stm32f10x_flash.o(i.FLASH_ProgramWord) refers to stm32f10x_flash.o(i.FLASH_WaitForLastOperation) for FLASH_WaitForLastOperation
    stm32f10x_flash.o(i.FLASH_ReadOutProtection) refers to stm32f10x_flash.o(i.FLASH_WaitForLastOperation) for FLASH_WaitForLastOperation
    stm32f10x_flash.o(i.FLASH_UserOptionByteConfig) refers to stm32f10x_flash.o(i.FLASH_WaitForLastOperation) for FLASH_WaitForLastOperation
    stm32f10x_flash.o(i.FLASH_WaitForLastBank1Operation) refers to stm32f10x_flash.o(i.FLASH_GetBank1Status) for FLASH_GetBank1Status
    stm32f10x_flash.o(i.FLASH_WaitForLastOperation) refers to stm32f10x_flash.o(i.FLASH_GetBank1Status) for FLASH_GetBank1Status
    stm32f10x_gpio.o(i.GPIO_AFIODeInit) refers to stm32f10x_rcc.o(i.RCC_APB2PeriphResetCmd) for RCC_APB2PeriphResetCmd
    stm32f10x_gpio.o(i.GPIO_DeInit) refers to stm32f10x_rcc.o(i.RCC_APB2PeriphResetCmd) for RCC_APB2PeriphResetCmd
    stm32f10x_i2c.o(i.I2C_DeInit) refers to stm32f10x_rcc.o(i.RCC_APB1PeriphResetCmd) for RCC_APB1PeriphResetCmd
    stm32f10x_i2c.o(i.I2C_Init) refers to stm32f10x_rcc.o(i.RCC_GetClocksFreq) for RCC_GetClocksFreq
[...]
    sccb.o(i.SCCB_R_SDA) refers to stm32f10x_gpio.o(i.GPIO_ReadInputDataBit) for GPIO_ReadInputDataBit
    sccb.o(i.SCCB_ReceiveAck) refers to sccb.o(i.SCCB_W_SDA) for SCCB_W_SDA
    sccb.o(i.SCCB_ReceiveAck) refers to sccb.o(i.SCCB_W_SCL) for SCCB_W_SCL
    sccb.o(i.SCCB_ReceiveAck) refers to sccb.o(i.SCCB_R_SDA) for SCCB_R_SDA
    sccb.o(i.SCCB_ReceiveByte) refers to sccb.o(i.SCCB_W_SDA) for SCCB_W_SDA
    sccb.o(i.SCCB_ReceiveByte) refers to sccb.o(i.SCCB_W_SCL) for SCCB_W_SCL
    sccb.o(i.SCCB_ReceiveByte) refers to sccb.o(i.SCCB_R_SDA) for SCCB_R_SDA
    sccb.o(i.SCCB_ReceiveByte) refers to delay.o(i.Delay_us) for Delay_us
    sccb.o(i.SCCB_SendAck) refers to sccb.o(i.SCCB_W_SDA) for SCCB_W_SDA
    sccb.o(i.SCCB_SendAck) refers to sccb.o(i.SCCB_W_SCL) for SCCB_W_SCL
    sccb.o(i.SCCB_SendAck) refers to delay.o(i.Delay_us) for Delay_us
    sccb.o(i.SCCB_SendByte) refers to delay.o(i.Delay_us) for Delay_us
    sccb.o(i.SCCB_SendByte) refers to sccb.o(i.SCCB_W_SDA) for SCCB_W_SDA
    sccb.o(i.SCCB_SendByte) refers to sccb.o(i.SCCB_W_SCL) for SCCB_W_SCL
    sccb.o(i.SCCB_Start) refers to sccb.o(i.SCCB_W_SDA) for SCCB_W_SDA
    sccb.o(i.SCCB_Start) refers to delay.o(i.Delay_us) for Delay_us
    sccb.o(i.SCCB_Start) refers to sccb.o(i.SCCB_W_SCL) for SCCB_W_SCL
    sccb.o(i.SCCB_Stop) refers to sccb.o(i.SCCB_W_SDA) for SCCB_W_SDA
    sccb.o(i.SCCB_Stop) refers to delay.o(i.Delay_us) for Delay_us
    sccb.o(i.SCCB_Stop) refers to sccb.o(i.SCCB_W_SCL) for SCCB_W_SCL
    sccb.o(i.SCCB_W_SCL) refers to stm32f10x_gpio.o(i.GPIO_WriteBit) for GPIO_WriteBit
    sccb.o(i.SCCB_W_SCL) refers to delay.o(i.Delay_us) for Delay_us
    sccb.o(i.SCCB_W_SDA) refers to stm32f10x_gpio.o(i.GPIO_WriteBit) for GPIO_WriteBit
    sccb.o(i.SCCB_W_SDA) refers to delay.o(i.Delay_us) for Delay_us
    lcd.o(i.LCD_Clear) refers to lcd.o(i.LCD_SetWindows) for LCD_SetWindows
    lcd.o(i.LCD_Clear) refers to lcd.o(i.LCD_WriteData_16Bit) for LCD_WriteData_16Bit
    lcd.o(i.LCD_Clear) refers to lcd.o(.bss) for .bss
    lcd.o(i.LCD_DrawFRONT_COLOR) refers to lcd.o(i.LCD_SetWindows) for LCD_SetWindows
    lcd.o(i.LCD_DrawFRONT_COLOR) refers to lcd.o(i.LCD_WriteData_16Bit) for LCD_WriteData_16Bit
    lcd.o(i.LCD_DrawPoint) refers to lcd.o(i.LCD_SetCursor) for LCD_SetCursor
    lcd.o(i.LCD_DrawPoint) refers to lcd.o(i.LCD_WriteData_16Bit) for LCD_WriteData_16Bit
    lcd.o(i.LCD_DrawPoint) refers to lcd.o(.data) for .data
    lcd.o(i.LCD_GPIOInit) refers to stm32f10x_rcc.o(i.RCC_APB2PeriphClockCmd) for RCC_APB2PeriphClockCmd
    lcd.o(i.LCD_GPIOInit) refers to stm32f10x_gpio.o(i.GPIO_Init) for GPIO_Init
    lcd.o(i.LCD_Init) refers to lcd.o(i.LCD_GPIOInit) for LCD_GPIOInit
    lcd.o(i.LCD_Init) refers to lcd.o(i.LCD_RESET) for LCD_RESET
    lcd.o(i.LCD_Init) refers to lcd.o(i.LCD_WR_REG) for LCD_WR_REG
    lcd.o(i.LCD_Init) refers to lcd.o(i.LCD_WR_DATA) for LCD_WR_DATA
    lcd.o(i.LCD_Init) refers to delay.o(i.Delay_ms) for Delay_ms
    lcd.o(i.LCD_Init) refers to lcd.o(i.LCD_direction) for LCD_direction
    lcd.o(i.LCD_Init) refers to lcd.o(i.LCD_Clear) for LCD_Clear
    lcd.o(i.LCD_RESET) refers to delay.o(i.Delay_ms) for Delay_ms
    lcd.o(i.LCD_SetCursor) refers to lcd.o(i.LCD_SetWindows) for LCD_SetWindows
    lcd.o(i.LCD_SetWindows) refers to lcd.o(i.LCD_WR_REG) for LCD_WR_REG
    lcd.o(i.LCD_SetWindows) refers to lcd.o(i.LCD_WR_DATA) for LCD_WR_DATA
    lcd.o(i.LCD_SetWindows) refers to lcd.o(i.LCD_WriteRAM_Prepare) for LCD_WriteRAM_Prepare
    lcd.o(i.LCD_SetWindows) refers to lcd.o(.bss) for .bss
    lcd.o(i.LCD_WR_DATA) refers to spi2.o(i.SPI_WriteByte) for SPI_WriteByte
    lcd.o(i.LCD_WR_REG) refers to spi2.o(i.SPI_WriteByte) for SPI_WriteByte
    lcd.o(i.LCD_WriteData_16Bit) refers to spi2.o(i.SPI_WriteByte) for SPI_WriteByte
    lcd.o(i.LCD_WriteRAM_Prepare) refers to lcd.o(i.LCD_WR_REG) for LCD_WR_REG
    lcd.o(i.LCD_WriteRAM_Prepare) refers to lcd.o(.bss) for .bss
    lcd.o(i.LCD_WriteReg) refers to lcd.o(i.LCD_WR_REG) for LCD_WR_REG
    lcd.o(i.LCD_WriteReg) refers to lcd.o(i.LCD_WR_DATA) for LCD_WR_DATA
    lcd.o(i.LCD_direction) refers to lcd.o(i.LCD_WriteReg) for LCD_WriteReg
    lcd.o(i.LCD_direction) refers to lcd.o(.bss) for .bss
    gpios.o(i.Config_GPIO) refers to stm32f10x_rcc.o(i.RCC_APB2PeriphClockCmd) for RCC_APB2PeriphClockCmd
    gpios.o(i.Config_GPIO) refers to stm32f10x_gpio.o(i.GPIO_Init) for GPIO_Init
    gpios.o(i.Set_GPIO_High) refers to stm32f10x_gpio.o(i.GPIO_SetBits) for GPIO_SetBits
    gpios.o(i.Set_GPIO_Low) refers to stm32f10x_gpio.o(i.GPIO_ResetBits) for GPIO_ResetBits
    ads8688.o(i.ADS8688_GPIO_Init) refers to stm32f10x_rcc.o(i.RCC_APB2PeriphClockCmd) for RCC_APB2PeriphClockCmd
    ads8688.o(i.ADS8688_GPIO_Init) refers to stm32f10x_gpio.o(i.GPIO_Init) for GPIO_Init
    ads8688.o(i.ADS8688_Init_Mult) refers to ads8688.o(i.ADS8688_GPIO_Init) for ADS8688_GPIO_Init
    ads8688.o(i.ADS8688_Init_Mult) refers to stm32f10x_gpio.o(i.GPIO_SetBits) for GPIO_SetBits
    ads8688.o(i.ADS8688_Init_Mult) refers to stm32f10x_gpio.o(i.GPIO_ResetBits) for GPIO_ResetBits
    ads8688.o(i.ADS8688_Init_Mult) refers to delay.o(i.Delay_us) for Delay_us
    ads8688.o(i.ADS8688_Init_Mult) refers to ads8688.o(i.Enter_RESET_MODE) for Enter_RESET_MODE
    ads8688.o(i.ADS8688_Init_Mult) refers to ads8688.o(i.ADS8688_Write_Program_Register) for ADS8688_Write_Program_Register
    ads8688.o(i.ADS8688_Init_Mult) refers to ads8688.o(i.Set_CH_Range_Select) for Set_CH_Range_Select
    ads8688.o(i.ADS8688_Init_Mult) refers to ads8688.o(i.AUTO_RST_MODE) for AUTO_RST_MODE
    ads8688.o(i.ADS8688_READ_Program_Register) refers to stm32f10x_gpio.o(i.GPIO_ResetBits) for GPIO_ResetBits
    ads8688.o(i.ADS8688_READ_Program_Register) refers to ads8688.o(i.ADS8688_SPI_WB) for ADS8688_SPI_WB
    ads8688.o(i.ADS8688_READ_Program_Register) refers to ads8688.o(i.ADS8688_SPI_RB) for ADS8688_SPI_RB
    ads8688.o(i.ADS8688_READ_Program_Register) refers to stm32f10x_gpio.o(i.GPIO_SetBits) for GPIO_SetBits
    ads8688.o(i.ADS8688_SPI_RB) refers to stm32f10x_gpio.o(i.GPIO_ResetBits) for GPIO_ResetBits
    ads8688.o(i.ADS8688_SPI_RB) refers to stm32f10x_gpio.o(i.GPIO_SetBits) for GPIO_SetBits
    ads8688.o(i.ADS8688_SPI_RB) refers to stm32f10x_gpio.o(i.GPIO_ReadInputDataBit) for GPIO_ReadInputDataBit
    ads8688.o(i.ADS8688_SPI_WB) refers to stm32f10x_gpio.o(i.GPIO_ResetBits) for GPIO_ResetBits
    ads8688.o(i.ADS8688_SPI_WB) refers to stm32f10x_gpio.o(i.GPIO_SetBits) for GPIO_SetBits
    ads8688.o(i.ADS8688_WriteCommandReg) refers to stm32f10x_gpio.o(i.GPIO_ResetBits) for GPIO_ResetBits
    ads8688.o(i.ADS8688_WriteCommandReg) refers to ads8688.o(i.ADS8688_SPI_WB) for ADS8688_SPI_WB
    ads8688.o(i.ADS8688_WriteCommandReg) refers to stm32f10x_gpio.o(i.GPIO_SetBits) for GPIO_SetBits
    ads8688.o(i.ADS8688_Write_Program_Register) refers to stm32f10x_gpio.o(i.GPIO_ResetBits) for GPIO_ResetBits
    ads8688.o(i.ADS8688_Write_Program_Register) refers to ads8688.o(i.ADS8688_SPI_WB) for ADS8688_SPI_WB
    ads8688.o(i.ADS8688_Write_Program_Register) refers to stm32f10x_gpio.o(i.GPIO_SetBits) for GPIO_SetBits
    ads8688.o(i.AUTO_RST_MODE) refers to ads8688.o(i.ADS8688_WriteCommandReg) for ADS8688_WriteCommandReg
    ads8688.o(i.Enter_RESET_MODE) refers to ads8688.o(i.ADS8688_WriteCommandReg) for ADS8688_WriteCommandReg
    ads8688.o(i.Get_AUTO_RST_Mode_Data) refers to stm32f10x_gpio.o(i.GPIO_ResetBits) for GPIO_ResetBits
    ads8688.o(i.Get_AUTO_RST_Mode_Data) refers to ads8688.o(i.ADS8688_SPI_WB) for ADS8688_SPI_WB
    ads8688.o(i.Get_AUTO_RST_Mode_Data) refers to ads8688.o(i.ADS8688_SPI_RB) for ADS8688_SPI_RB
    ads8688.o(i.Get_AUTO_RST_Mode_Data) refers to stm32f10x_gpio.o(i.GPIO_SetBits) for GPIO_SetBits
    ads8688.o(i.Get_MAN_ch_n_Mode_Data) refers to stm32f10x_gpio.o(i.GPIO_ResetBits) for GPIO_ResetBits
    ads8688.o(i.Get_MAN_ch_n_Mode_Data) refers to ads8688.o(i.ADS8688_SPI_WB) for ADS8688_SPI_WB
    ads8688.o(i.Get_MAN_ch_n_Mode_Data) refers to ads8688.o(i.ADS8688_SPI_RB) for ADS8688_SPI_RB
    ads8688.o(i.Get_MAN_ch_n_Mode_Data) refers to stm32f10x_gpio.o(i.GPIO_SetBits) for GPIO_SetBits
    ads8688.o(i.MAN_Ch_n_Mode) refers to ads8688.o(i.ADS8688_WriteCommandReg) for ADS8688_WriteCommandReg
    ads8688.o(i.Set_CH_Range_Select) refers to ads8688.o(i.ADS8688_Write_Program_Register) for ADS8688_Write_Program_Register
    ads8688.o(i.get_ADS_ch1) refers to ads8688.o(i.MAN_Ch_n_Mode) for MAN_Ch_n_Mode
    ads8688.o(i.get_ADS_ch1) refers to ads8688.o(i.Get_MAN_ch_n_Mode_Data) for Get_MAN_ch_n_Mode_Data
    ads1118.o(i.ADS1118_ADC_Init) refers to ads1118.o(i.MySPI_Init) for MySPI_Init
    ads1118.o(i.ADS1118_ADC_Init) refers to stm32f10x_gpio.o(i.GPIO_ResetBits) for GPIO_ResetBits
    ads1118.o(i.ADS1118_ADC_Init) refers to delay.o(i.Delay_us) for Delay_us
    ads1118.o(i.ADS1118_ADC_Init) refers to ads1118.o(i.MySPI_SwapByte) for MySPI_SwapByte
    ads1118.o(i.ADS1118_ADC_Init) refers to stm32f10x_gpio.o(i.GPIO_SetBits) for GPIO_SetBits
    ads1118.o(i.ADS1118_ADC_Init) refers to delay.o(i.Delay_ms) for Delay_ms
    ads1118.o(i.ADS1118_Get_ADC_Continuous_Data) refers to stm32f10x_gpio.o(i.GPIO_ResetBits) for GPIO_ResetBits
    ads1118.o(i.ADS1118_Get_ADC_Continuous_Data) refers to delay.o(i.Delay_us) for Delay_us
    ads1118.o(i.ADS1118_Get_ADC_Continuous_Data) refers to stm32f10x_gpio.o(i.GPIO_ReadInputDataBit) for GPIO_ReadInputDataBit
    ads1118.o(i.ADS1118_Get_ADC_Continuous_Data) refers to ads1118.o(i.MySPI_SwapByte) for MySPI_SwapByte
    ads1118.o(i.ADS1118_Get_ADC_Continuous_Data) refers to stm32f10x_gpio.o(i.GPIO_SetBits) for GPIO_SetBits
    ads1118.o(i.ADS1118_Get_ADC_Continuous_Data) refers to dfltui.o(.text) for __aeabi_ui2d
    ads1118.o(i.ADS1118_Get_ADC_Continuous_Data) refers to dscalb.o(.text) for __ARM_scalbn
    ads1118.o(i.ADS1118_Get_ADC_Continuous_Data) refers to d2f.o(.text) for __aeabi_d2f
    ads1118.o(i.ADS1118_Get_ADC_Continuous_Data) refers to dmul.o(.text) for __aeabi_dmul
    ads1118.o(i.ADS1118_Get_ADC_Continuous_Data) refers to fdiv.o(.text) for __aeabi_fdiv
    ads1118.o(i.MySPI_Init) refers to stm32f10x_rcc.o(i.RCC_APB2PeriphClockCmd) for RCC_APB2PeriphClockCmd
    ads1118.o(i.MySPI_Init) refers to stm32f10x_gpio.o(i.GPIO_Init) for GPIO_Init
    ads1118.o(i.MySPI_Init) refers to stm32f10x_gpio.o(i.GPIO_SetBits) for GPIO_SetBits
    ads1118.o(i.MySPI_Init) refers to stm32f10x_spi.o(i.SPI_Init) for SPI_Init
    ads1118.o(i.MySPI_Init) refers to stm32f10x_spi.o(i.SPI_Cmd) for SPI_Cmd
    ads1118.o(i.MySPI_SwapByte) refers to stm32f10x_spi.o(i.SPI_I2S_GetFlagStatus) for SPI_I2S_GetFlagStatus
    ads1118.o(i.MySPI_SwapByte) refers to stm32f10x_spi.o(i.SPI_I2S_SendData) for SPI_I2S_SendData
    ads1118.o(i.MySPI_SwapByte) refers to stm32f10x_spi.o(i.SPI_I2S_ReceiveData) for SPI_I2S_ReceiveData
    ad9954.o(i.AD9954_GPIO_Init) refers to stm32f10x_rcc.o(i.RCC_APB2PeriphClockCmd) for RCC_APB2PeriphClockCmd
    ad9954.o(i.AD9954_GPIO_Init) refers to stm32f10x_gpio.o(i.GPIO_Init) for GPIO_Init
    ad9954.o(i.AD9954_GPIO_Init) refers to delay.o(i.Delay_ms) for Delay_ms
    ad9954.o(i.AD9954_Init) refers to ad9954.o(i.AD9954_GPIO_Init) for AD9954_GPIO_Init
    ad9954.o(i.AD9954_Init) refers to ad9954.o(i.AD9954_RST) for AD9954_RST
    ad9954.o(i.AD9954_Init) refers to delay.o(i.Delay_ms) for Delay_ms
    ad9954.o(i.AD9954_Init) refers to ad9954.o(i.AD9954_SendBytes) for AD9954_SendBytes
    ad9954.o(i.AD9954_RST) refers to delay.o(i.Delay_ms) for Delay_ms
    ad9954.o(i.AD9954_ReadByte) refers to delay.o(i.Delay_us) for Delay_us
    ad9954.o(i.AD9954_ReadBytes) refers to ad9954.o(i.AD9954_SendByte) for AD9954_SendByte
    ad9954.o(i.AD9954_ReadBytes) refers to ad9954.o(i.AD9954_ReadByte) for AD9954_ReadByte
    ad9954.o(i.AD9954_SendByte) refers to delay.o(i.Delay_us) for Delay_us
    ad9954.o(i.AD9954_SendBytes) refers to ad9954.o(i.AD9954_SendByte) for AD9954_SendByte
    ad9954.o(i.AD9954_Set_Amp) refers to ad9954.o(i.AD9954_SendBytes) for AD9954_SendBytes
    ad9954.o(i.AD9954_Set_Amp) refers to ad9954.o(i.AD9954_UPDATE) for AD9954_UPDATE
    ad9954.o(i.AD9954_Set_Fre) refers to ad9954.o(i.Get_FTW) for Get_FTW
    ad9954.o(i.AD9954_Set_Fre) refers to ad9954.o(i.AD9954_SendBytes) for AD9954_SendBytes
    ad9954.o(i.AD9954_Set_Fre) refers to ad9954.o(i.AD9954_UPDATE) for AD9954_UPDATE
    ad9954.o(i.AD9954_Set_Phase) refers to ad9954.o(i.AD9954_SendBytes) for AD9954_SendBytes
    ad9954.o(i.AD9954_Set_Phase) refers to ad9954.o(i.AD9954_UPDATE) for AD9954_UPDATE
    ad9954.o(i.AD9954_UPDATE) refers to delay.o(i.Delay_us) for Delay_us
    ad9954.o(i.Get_FTW) refers to dmul.o(.text) for __aeabi_dmul
    ad9954.o(i.Get_FTW) refers to dfixui.o(.text) for __aeabi_d2uiz
    ad9954.o(i.Get_FTW) refers to ad9954.o(.data) for .data
    tlv5638.o(i.TLV5638_GPIO_Init) refers to stm32f10x_rcc.o(i.RCC_APB2PeriphClockCmd) for RCC_APB2PeriphClockCmd
    tlv5638.o(i.TLV5638_GPIO_Init) refers to stm32f10x_gpio.o(i.GPIO_Init) for GPIO_Init
    tlv5638.o(i.TLV5638_GPIO_Init) refers to stm32f10x_gpio.o(i.GPIO_SetBits) for GPIO_SetBits
    tlv5638.o(i.TLV5638_GPIO_Init) refers to stm32f10x_gpio.o(i.GPIO_ResetBits) for GPIO_ResetBits
    tlv5638.o(i.TLV5638_Init) refers to tlv5638.o(i.TLV5638_GPIO_Init) for TLV5638_GPIO_Init
    tlv5638.o(i.TLV5638_Init) refers to tlv5638.o(i.TLV5638_Set_Vref_1024) for TLV5638_Set_Vref_1024
    tlv5638.o(i.TLV5638_PWR_DOWN) refers to tlv5638.o(i.TLV5638_Send2Byte) for TLV5638_Send2Byte
    tlv5638.o(i.TLV5638_Send2Byte) refers to stm32f10x_gpio.o(i.GPIO_ResetBits) for GPIO_ResetBits
    tlv5638.o(i.TLV5638_Send2Byte) refers to stm32f10x_gpio.o(i.GPIO_SetBits) for GPIO_SetBits
    tlv5638.o(i.TLV5638_Send2Byte) refers to delay.o(i.Delay_us) for Delay_us
    tlv5638.o(i.TLV5638_Set_DACA) refers to tlv5638.o(i.TLV5638_Send2Byte) for TLV5638_Send2Byte
    tlv5638.o(i.TLV5638_Set_DACB) refers to tlv5638.o(i.TLV5638_Send2Byte) for TLV5638_Send2Byte
    tlv5638.o(i.TLV5638_Set_Vref_1024) refers to tlv5638.o(i.TLV5638_Send2Byte) for TLV5638_Send2Byte
    tlv5638.o(i.TLV5638_Set_Vref_2048) refers to tlv5638.o(i.TLV5638_Send2Byte) for TLV5638_Send2Byte
    entry.o(.ARM.Collect$$$$00000000) refers (Special) to entry10a.o(.ARM.Collect$$$$0000000F) for __rt_final_cpp
    entry.o(.ARM.Collect$$$$00000000) refers (Special) to entry11a.o(.ARM.Collect$$$$00000011) for __rt_final_exit
    entry.o(.ARM.Collect$$$$00000000) refers (Special) to entry12b.o(.ARM.Collect$$$$0000000E) for __rt_lib_shutdown_fini
    entry.o(.ARM.Collect$$$$00000000) refers (Special) to entry7b.o(.ARM.Collect$$$$00000008) for _main_clock
    entry.o(.ARM.Collect$$$$00000000) refers (Special) to entry8b.o(.ARM.Collect$$$$0000000A) for _main_cpp_init
    entry.o(.ARM.Collect$$$$00000000) refers (Special) to entry9a.o(.ARM.Collect$$$$0000000B) for _main_init
    entry.o(.ARM.Collect$$$$00000000) refers (Special) to entry5.o(.ARM.Collect$$$$00000004) for _main_scatterload
    entry.o(.ARM.Collect$$$$00000000) refers (Special) to entry2.o(.ARM.Collect$$$$00000001) for _main_stk
    fdiv.o(.text) refers (Special) to iusefp.o(.text) for __I$use$fp
    fdiv.o(.text) refers to fepilogue.o(.text) for _float_round
    dmul.o(.text) refers (Special) to iusefp.o(.text) for __I$use$fp
    dmul.o(.text) refers to depilogue.o(.text) for _double_epilogue
    ddiv.o(.text) refers (Special) to iusefp.o(.text) for __I$use$fp
    ddiv.o(.text) refers to depilogue.o(.text) for _double_round
    dscalb.o(.text) refers (Special) to iusefp.o(.text) for __I$use$fp
    dfltui.o(.text) refers (Special) to iusefp.o(.text) for __I$use$fp
    dfltui.o(.text) refers to depilogue.o(.text) for _double_epilogue
    dfixi.o(.text) refers (Special) to iusefp.o(.text) for __I$use$fp
    dfixi.o(.text) refers to llushr.o(.text) for __aeabi_llsr
    dfixui.o(.text) refers (Special) to iusefp.o(.text) for __I$use$fp
    dfixui.o(.text) refers to llushr.o(.text) for __aeabi_llsr
    d2f.o(.text) refers (Special) to iusefp.o(.text) for __I$use$fp
    d2f.o(.text) refers to fepilogue.o(.text) for _float_round
    entry2.o(.ARM.Collect$$$$00000001) refers to entry2.o(.ARM.Collect$$$$00002712) for __lit__00000000
    entry2.o(.ARM.Collect$$$$00002712) refers to startup_stm32f10x_md.o(STACK) for __initial_sp
    entry2.o(__vectab_stack_and_reset_area) refers to startup_stm32f10x_md.o(STACK) for __initial_sp
    entry2.o(__vectab_stack_and_reset_area) refers to entry.o(.ARM.Collect$$$$00000000) for __main
    entry5.o(.ARM.Collect$$$$00000004) refers to init.o(.text) for __scatterload
    entry9a.o(.ARM.Collect$$$$0000000B) refers to main.o(i.main) for main
    entry9b.o(.ARM.Collect$$$$0000000C) refers to main.o(i.main) for main
    depilogue.o(.text) refers to llshl.o(.text) for __aeabi_llsl
    depilogue.o(.text) refers to llushr.o(.text) for __aeabi_llsr
    init.o(.text) refers to entry5.o(.ARM.Collect$$$$00000004) for __main_after_scatterload


==============================================================================

Removing Unused input sections from the image.

    Removing startup_stm32f10x_md.o(HEAP), (512 bytes).
    Removing core_cm3.o(.emb_text), (32 bytes).
    Removing system_stm32f10x.o(i.SystemCoreClockUpdate), (124 bytes).
    Removing system_stm32f10x.o(.data), (20 bytes).
    Removing misc.o(i.NVIC_Init), (100 bytes).
    Removing misc.o(i.NVIC_PriorityGroupConfig), (20 bytes).
    Removing misc.o(i.NVIC_SetVectorTable), (20 bytes).
    Removing misc.o(i.NVIC_SystemLPConfig), (28 bytes).
    Removing misc.o(i.SysTick_CLKSourceConfig), (28 bytes).
    Removing stm32f10x_adc.o(i.ADC_AnalogWatchdogCmd), (16 bytes).
    Removing stm32f10x_adc.o(i.ADC_AnalogWatchdogSingleChannelConfig), (12 bytes).
    Removing stm32f10x_adc.o(i.ADC_AnalogWatchdogThresholdsConfig), (6 bytes).
    Removing stm32f10x_adc.o(i.ADC_AutoInjectedConvCmd), (24 bytes).
    Removing stm32f10x_adc.o(i.ADC_ClearFlag), (6 bytes).
    Removing stm32f10x_adc.o(i.ADC_ClearITPendingBit), (8 bytes).
    Removing stm32f10x_adc.o(i.ADC_Cmd), (24 bytes).
    Removing stm32f10x_adc.o(i.ADC_DMACmd), (24 bytes).
    Removing stm32f10x_adc.o(i.ADC_DeInit), (100 bytes).
    Removing stm32f10x_adc.o(i.ADC_DiscModeChannelCountConfig), (16 bytes).
    Removing stm32f10x_adc.o(i.ADC_DiscModeCmd), (24 bytes).
    Removing stm32f10x_adc.o(i.ADC_ExternalTrigConvCmd), (24 bytes).
    Removing stm32f10x_adc.o(i.ADC_ExternalTrigInjectedConvCmd), (24 bytes).
    Removing stm32f10x_adc.o(i.ADC_ExternalTrigInjectedConvConfig), (12 bytes).
    Removing stm32f10x_adc.o(i.ADC_GetCalibrationStatus), (14 bytes).
    Removing stm32f10x_adc.o(i.ADC_GetConversionValue), (6 bytes).
    Removing stm32f10x_adc.o(i.ADC_GetDualModeConversionValue), (12 bytes).
    Removing stm32f10x_adc.o(i.ADC_GetFlagStatus), (14 bytes).
    Removing stm32f10x_adc.o(i.ADC_GetITStatus), (28 bytes).
    Removing stm32f10x_adc.o(i.ADC_GetInjectedConversionValue), (20 bytes).
    Removing stm32f10x_adc.o(i.ADC_GetResetCalibrationStatus), (14 bytes).
    Removing stm32f10x_adc.o(i.ADC_GetSoftwareStartConvStatus), (14 bytes).
    Removing stm32f10x_adc.o(i.ADC_GetSoftwareStartInjectedConvCmdStatus), (14 bytes).
    Removing stm32f10x_adc.o(i.ADC_ITConfig), (22 bytes).
    Removing stm32f10x_adc.o(i.ADC_Init), (72 bytes).
    Removing stm32f10x_adc.o(i.ADC_InjectedChannelConfig), (74 bytes).
    Removing stm32f10x_adc.o(i.ADC_InjectedDiscModeCmd), (24 bytes).
    Removing stm32f10x_adc.o(i.ADC_InjectedSequencerLengthConfig), (16 bytes).
    Removing stm32f10x_adc.o(i.ADC_RegularChannelConfig), (116 bytes).
    Removing stm32f10x_adc.o(i.ADC_ResetCalibration), (10 bytes).
    Removing stm32f10x_adc.o(i.ADC_SetInjectedOffset), (16 bytes).
    Removing stm32f10x_adc.o(i.ADC_SoftwareStartConvCmd), (24 bytes).
    Removing stm32f10x_adc.o(i.ADC_SoftwareStartInjectedConvCmd), (24 bytes).
    Removing stm32f10x_adc.o(i.ADC_StartCalibration), (10 bytes).
    Removing stm32f10x_adc.o(i.ADC_StructInit), (18 bytes).
    Removing stm32f10x_adc.o(i.ADC_TempSensorVrefintCmd), (32 bytes).
    Removing stm32f10x_bkp.o(i.BKP_ClearFlag), (16 bytes).
    Removing stm32f10x_bkp.o(i.BKP_ClearITPendingBit), (16 bytes).
    Removing stm32f10x_bkp.o(i.BKP_DeInit), (18 bytes).
    Removing stm32f10x_bkp.o(i.BKP_GetFlagStatus), (12 bytes).
    Removing stm32f10x_bkp.o(i.BKP_GetITStatus), (12 bytes).
    Removing stm32f10x_bkp.o(i.BKP_ITConfig), (12 bytes).
    Removing stm32f10x_bkp.o(i.BKP_RTCOutputConfig), (20 bytes).
    Removing stm32f10x_bkp.o(i.BKP_ReadBackupRegister), (20 bytes).
    Removing stm32f10x_bkp.o(i.BKP_SetRTCCalibrationValue), (20 bytes).
    Removing stm32f10x_bkp.o(i.BKP_TamperPinCmd), (12 bytes).
    Removing stm32f10x_bkp.o(i.BKP_TamperPinLevelConfig), (12 bytes).
    Removing stm32f10x_bkp.o(i.BKP_WriteBackupRegister), (20 bytes).
    Removing stm32f10x_can.o(i.CAN_CancelTransmit), (42 bytes).
    Removing stm32f10x_can.o(i.CAN_ClearFlag), (48 bytes).
    Removing stm32f10x_can.o(i.CAN_ClearITPendingBit), (136 bytes).
    Removing stm32f10x_can.o(i.CAN_DBGFreeze), (24 bytes).
    Removing stm32f10x_can.o(i.CAN_DeInit), (56 bytes).
    Removing stm32f10x_can.o(i.CAN_FIFORelease), (24 bytes).
    Removing stm32f10x_can.o(i.CAN_FilterInit), (212 bytes).
    Removing stm32f10x_can.o(i.CAN_GetFlagStatus), (82 bytes).
    Removing stm32f10x_can.o(i.CAN_GetITStatus), (204 bytes).
    Removing stm32f10x_can.o(i.CAN_GetLSBTransmitErrorCounter), (8 bytes).
    Removing stm32f10x_can.o(i.CAN_GetLastErrorCode), (10 bytes).
    Removing stm32f10x_can.o(i.CAN_GetReceiveErrorCounter), (6 bytes).
    Removing stm32f10x_can.o(i.CAN_ITConfig), (20 bytes).
    Removing stm32f10x_can.o(i.CAN_Init), (260 bytes).
    Removing stm32f10x_can.o(i.CAN_MessagePending), (28 bytes).
    Removing stm32f10x_can.o(i.CAN_OperatingModeRequest), (154 bytes).
    Removing stm32f10x_can.o(i.CAN_Receive), (130 bytes).
    Removing stm32f10x_can.o(i.CAN_SlaveStartBank), (44 bytes).
    Removing stm32f10x_can.o(i.CAN_Sleep), (30 bytes).
    Removing stm32f10x_can.o(i.CAN_StructInit), (32 bytes).
    Removing stm32f10x_can.o(i.CAN_TTComModeCmd), (96 bytes).
    Removing stm32f10x_can.o(i.CAN_Transmit), (182 bytes).
    Removing stm32f10x_can.o(i.CAN_TransmitStatus), (136 bytes).
    Removing stm32f10x_can.o(i.CAN_WakeUp), (40 bytes).
    Removing stm32f10x_can.o(i.CheckITStatus), (12 bytes).
    Removing stm32f10x_cec.o(i.CEC_ClearFlag), (32 bytes).
    Removing stm32f10x_cec.o(i.CEC_ClearITPendingBit), (32 bytes).
    Removing stm32f10x_cec.o(i.CEC_Cmd), (28 bytes).
    Removing stm32f10x_cec.o(i.CEC_DeInit), (24 bytes).
    Removing stm32f10x_cec.o(i.CEC_EndOfMessageCmd), (12 bytes).
    Removing stm32f10x_cec.o(i.CEC_GetFlagStatus), (40 bytes).
    Removing stm32f10x_cec.o(i.CEC_GetITStatus), (36 bytes).
    Removing stm32f10x_cec.o(i.CEC_ITConfig), (12 bytes).
    Removing stm32f10x_cec.o(i.CEC_Init), (24 bytes).
    Removing stm32f10x_cec.o(i.CEC_OwnAddressConfig), (12 bytes).
    Removing stm32f10x_cec.o(i.CEC_ReceiveDataByte), (12 bytes).
    Removing stm32f10x_cec.o(i.CEC_SendDataByte), (12 bytes).
    Removing stm32f10x_cec.o(i.CEC_SetPrescaler), (12 bytes).
    Removing stm32f10x_cec.o(i.CEC_StartOfMessage), (12 bytes).
    Removing stm32f10x_crc.o(i.CRC_CalcBlockCRC), (28 bytes).
    Removing stm32f10x_crc.o(i.CRC_CalcCRC), (12 bytes).
    Removing stm32f10x_crc.o(i.CRC_GetCRC), (12 bytes).
    Removing stm32f10x_crc.o(i.CRC_GetIDRegister), (12 bytes).
    Removing stm32f10x_crc.o(i.CRC_ResetDR), (12 bytes).
    Removing stm32f10x_crc.o(i.CRC_SetIDRegister), (12 bytes).
    Removing stm32f10x_dac.o(i.DAC_Cmd), (32 bytes).
    Removing stm32f10x_dac.o(i.DAC_DMACmd), (32 bytes).
    Removing stm32f10x_dac.o(i.DAC_DeInit), (24 bytes).
    Removing stm32f10x_dac.o(i.DAC_DualSoftwareTriggerCmd), (32 bytes).
    Removing stm32f10x_dac.o(i.DAC_GetDataOutputValue), (24 bytes).
    Removing stm32f10x_dac.o(i.DAC_Init), (40 bytes).
    Removing stm32f10x_dac.o(i.DAC_SetChannel1Data), (20 bytes).
    Removing stm32f10x_dac.o(i.DAC_SetChannel2Data), (20 bytes).
    Removing stm32f10x_dac.o(i.DAC_SetDualChannelData), (28 bytes).
    Removing stm32f10x_dac.o(i.DAC_SoftwareTriggerCmd), (32 bytes).
    Removing stm32f10x_dac.o(i.DAC_StructInit), (12 bytes).
    Removing stm32f10x_dac.o(i.DAC_WaveGenerationCmd), (28 bytes).
    Removing stm32f10x_dbgmcu.o(i.DBGMCU_Config), (28 bytes).
    Removing stm32f10x_dbgmcu.o(i.DBGMCU_GetDEVID), (16 bytes).
    Removing stm32f10x_dbgmcu.o(i.DBGMCU_GetREVID), (12 bytes).
    Removing stm32f10x_dma.o(i.DMA_ClearFlag), (24 bytes).
    Removing stm32f10x_dma.o(i.DMA_ClearITPendingBit), (24 bytes).
    Removing stm32f10x_dma.o(i.DMA_Cmd), (26 bytes).
    Removing stm32f10x_dma.o(i.DMA_DeInit), (248 bytes).
    Removing stm32f10x_dma.o(i.DMA_GetCurrDataCounter), (6 bytes).
    Removing stm32f10x_dma.o(i.DMA_GetFlagStatus), (36 bytes).
    Removing stm32f10x_dma.o(i.DMA_GetITStatus), (36 bytes).
    Removing stm32f10x_dma.o(i.DMA_ITConfig), (20 bytes).
    Removing stm32f10x_dma.o(i.DMA_Init), (58 bytes).
    Removing stm32f10x_dma.o(i.DMA_SetCurrDataCounter), (4 bytes).
    Removing stm32f10x_dma.o(i.DMA_StructInit), (26 bytes).
    Removing stm32f10x_exti.o(i.EXTI_ClearFlag), (12 bytes).
    Removing stm32f10x_exti.o(i.EXTI_ClearITPendingBit), (12 bytes).
    Removing stm32f10x_exti.o(i.EXTI_DeInit), (36 bytes).
    Removing stm32f10x_exti.o(i.EXTI_GenerateSWInterrupt), (16 bytes).
    Removing stm32f10x_exti.o(i.EXTI_GetFlagStatus), (20 bytes).
    Removing stm32f10x_exti.o(i.EXTI_GetITStatus), (32 bytes).
    Removing stm32f10x_exti.o(i.EXTI_Init), (116 bytes).
    Removing stm32f10x_exti.o(i.EXTI_StructInit), (14 bytes).
    Removing stm32f10x_flash.o(i.FLASH_ClearFlag), (12 bytes).
    Removing stm32f10x_flash.o(i.FLASH_EnableWriteProtection), (172 bytes).
    Removing stm32f10x_flash.o(i.FLASH_EraseAllBank1Pages), (56 bytes).
    Removing stm32f10x_flash.o(i.FLASH_EraseAllPages), (56 bytes).
    Removing stm32f10x_flash.o(i.FLASH_EraseOptionBytes), (136 bytes).
    Removing stm32f10x_flash.o(i.FLASH_ErasePage), (60 bytes).
    Removing stm32f10x_flash.o(i.FLASH_GetBank1Status), (40 bytes).
    Removing stm32f10x_flash.o(i.FLASH_GetFlagStatus), (36 bytes).
    Removing stm32f10x_flash.o(i.FLASH_GetPrefetchBufferStatus), (20 bytes).
    Removing stm32f10x_flash.o(i.FLASH_GetReadOutProtectionStatus), (20 bytes).
    Removing stm32f10x_flash.o(i.FLASH_GetStatus), (40 bytes).
    Removing stm32f10x_flash.o(i.FLASH_GetUserOptionByte), (12 bytes).
    Removing stm32f10x_flash.o(i.FLASH_GetWriteProtectionOptionByte), (12 bytes).
    Removing stm32f10x_flash.o(i.FLASH_HalfCycleAccessCmd), (24 bytes).
    Removing stm32f10x_flash.o(i.FLASH_ITConfig), (28 bytes).
    Removing stm32f10x_flash.o(i.FLASH_Lock), (16 bytes).
    Removing stm32f10x_flash.o(i.FLASH_LockBank1), (16 bytes).
    Removing stm32f10x_flash.o(i.FLASH_PrefetchBufferCmd), (24 bytes).
    Removing stm32f10x_flash.o(i.FLASH_ProgramHalfWord), (52 bytes).
    Removing stm32f10x_flash.o(i.FLASH_ProgramOptionByteData), (76 bytes).
    Removing stm32f10x_flash.o(i.FLASH_ProgramWord), (92 bytes).
    Removing stm32f10x_flash.o(i.FLASH_ReadOutProtection), (136 bytes).
    Removing stm32f10x_flash.o(i.FLASH_SetLatency), (20 bytes).
    Removing stm32f10x_flash.o(i.FLASH_Unlock), (24 bytes).
    Removing stm32f10x_flash.o(i.FLASH_UnlockBank1), (24 bytes).
    Removing stm32f10x_flash.o(i.FLASH_UserOptionByteConfig), (96 bytes).
    Removing stm32f10x_flash.o(i.FLASH_WaitForLastBank1Operation), (32 bytes).
    Removing stm32f10x_flash.o(i.FLASH_WaitForLastOperation), (32 bytes).
    Removing stm32f10x_fsmc.o(i.FSMC_ClearFlag), (42 bytes).
    Removing stm32f10x_fsmc.o(i.FSMC_ClearITPendingBit), (48 bytes).
    Removing stm32f10x_fsmc.o(i.FSMC_GetECC), (18 bytes).
    Removing stm32f10x_fsmc.o(i.FSMC_GetFlagStatus), (40 bytes).
    Removing stm32f10x_fsmc.o(i.FSMC_GetITStatus), (52 bytes).
    Removing stm32f10x_fsmc.o(i.FSMC_ITConfig), (86 bytes).
    Removing stm32f10x_fsmc.o(i.FSMC_NANDCmd), (64 bytes).
    Removing stm32f10x_fsmc.o(i.FSMC_NANDDeInit), (40 bytes).
    Removing stm32f10x_fsmc.o(i.FSMC_NANDECCCmd), (64 bytes).
    Removing stm32f10x_fsmc.o(i.FSMC_NANDInit), (104 bytes).
    Removing stm32f10x_fsmc.o(i.FSMC_NANDStructInit), (54 bytes).
    Removing stm32f10x_fsmc.o(i.FSMC_NORSRAMCmd), (36 bytes).
    Removing stm32f10x_fsmc.o(i.FSMC_NORSRAMDeInit), (48 bytes).
    Removing stm32f10x_fsmc.o(i.FSMC_NORSRAMInit), (202 bytes).
    Removing stm32f10x_fsmc.o(i.FSMC_NORSRAMStructInit), (98 bytes).
    Removing stm32f10x_fsmc.o(i.FSMC_PCCARDCmd), (36 bytes).
    Removing stm32f10x_fsmc.o(i.FSMC_PCCARDDeInit), (28 bytes).
    Removing stm32f10x_fsmc.o(i.FSMC_PCCARDInit), (104 bytes).
    Removing stm32f10x_fsmc.o(i.FSMC_PCCARDStructInit), (60 bytes).
    Removing stm32f10x_gpio.o(i.GPIO_AFIODeInit), (22 bytes).
    Removing stm32f10x_gpio.o(i.GPIO_DeInit), (216 bytes).
    Removing stm32f10x_gpio.o(i.GPIO_ETH_MediaInterfaceConfig), (12 bytes).
    Removing stm32f10x_gpio.o(i.GPIO_EXTILineConfig), (40 bytes).
    Removing stm32f10x_gpio.o(i.GPIO_EventOutputCmd), (12 bytes).
    Removing stm32f10x_gpio.o(i.GPIO_EventOutputConfig), (28 bytes).
    Removing stm32f10x_gpio.o(i.GPIO_PinLockConfig), (16 bytes).
    Removing stm32f10x_gpio.o(i.GPIO_PinRemapConfig), (92 bytes).
    Removing stm32f10x_gpio.o(i.GPIO_ReadInputData), (6 bytes).
    Removing stm32f10x_gpio.o(i.GPIO_ReadInputDataBit), (14 bytes).
    Removing stm32f10x_gpio.o(i.GPIO_ReadOutputData), (6 bytes).
    Removing stm32f10x_gpio.o(i.GPIO_ReadOutputDataBit), (14 bytes).
    Removing stm32f10x_gpio.o(i.GPIO_ResetBits), (4 bytes).
    Removing stm32f10x_gpio.o(i.GPIO_SetBits), (4 bytes).
    Removing stm32f10x_gpio.o(i.GPIO_StructInit), (16 bytes).
    Removing stm32f10x_gpio.o(i.GPIO_Write), (4 bytes).
    Removing stm32f10x_gpio.o(i.GPIO_WriteBit), (12 bytes).
    Removing stm32f10x_i2c.o(i.I2C_ARPCmd), (24 bytes).
    Removing stm32f10x_i2c.o(i.I2C_AcknowledgeConfig), (24 bytes).
    Removing stm32f10x_i2c.o(i.I2C_CalculatePEC), (24 bytes).
    Removing stm32f10x_i2c.o(i.I2C_CheckEvent), (24 bytes).
    Removing stm32f10x_i2c.o(i.I2C_ClearFlag), (6 bytes).
    Removing stm32f10x_i2c.o(i.I2C_ClearITPendingBit), (6 bytes).
    Removing stm32f10x_i2c.o(i.I2C_Cmd), (24 bytes).
    Removing stm32f10x_i2c.o(i.I2C_DMACmd), (24 bytes).
    Removing stm32f10x_i2c.o(i.I2C_DMALastTransferCmd), (24 bytes).
    Removing stm32f10x_i2c.o(i.I2C_DeInit), (56 bytes).
    Removing stm32f10x_i2c.o(i.I2C_DualAddressCmd), (24 bytes).
    Removing stm32f10x_i2c.o(i.I2C_FastModeDutyCycleConfig), (26 bytes).
    Removing stm32f10x_i2c.o(i.I2C_GeneralCallCmd), (24 bytes).
    Removing stm32f10x_i2c.o(i.I2C_GenerateSTART), (24 bytes).
    Removing stm32f10x_i2c.o(i.I2C_GenerateSTOP), (24 bytes).
    Removing stm32f10x_i2c.o(i.I2C_GetFlagStatus), (50 bytes).
    Removing stm32f10x_i2c.o(i.I2C_GetITStatus), (34 bytes).
    Removing stm32f10x_i2c.o(i.I2C_GetLastEvent), (14 bytes).
    Removing stm32f10x_i2c.o(i.I2C_GetPEC), (6 bytes).
    Removing stm32f10x_i2c.o(i.I2C_ITConfig), (20 bytes).
    Removing stm32f10x_i2c.o(i.I2C_Init), (192 bytes).
    Removing stm32f10x_i2c.o(i.I2C_NACKPositionConfig), (26 bytes).
    Removing stm32f10x_i2c.o(i.I2C_OwnAddress2Config), (16 bytes).
    Removing stm32f10x_i2c.o(i.I2C_PECPositionConfig), (26 bytes).
    Removing stm32f10x_i2c.o(i.I2C_ReadRegister), (16 bytes).
    Removing stm32f10x_i2c.o(i.I2C_ReceiveData), (6 bytes).
    Removing stm32f10x_i2c.o(i.I2C_SMBusAlertConfig), (26 bytes).
    Removing stm32f10x_i2c.o(i.I2C_Send7bitAddress), (18 bytes).
    Removing stm32f10x_i2c.o(i.I2C_SendData), (4 bytes).
    Removing stm32f10x_i2c.o(i.I2C_SoftwareResetCmd), (24 bytes).
    Removing stm32f10x_i2c.o(i.I2C_StretchClockCmd), (24 bytes).
    Removing stm32f10x_i2c.o(i.I2C_StructInit), (28 bytes).
    Removing stm32f10x_i2c.o(i.I2C_TransmitPEC), (24 bytes).
    Removing stm32f10x_iwdg.o(i.IWDG_Enable), (16 bytes).
    Removing stm32f10x_iwdg.o(i.IWDG_GetFlagStatus), (20 bytes).
    Removing stm32f10x_iwdg.o(i.IWDG_ReloadCounter), (16 bytes).
    Removing stm32f10x_iwdg.o(i.IWDG_SetPrescaler), (12 bytes).
    Removing stm32f10x_iwdg.o(i.IWDG_SetReload), (12 bytes).
    Removing stm32f10x_iwdg.o(i.IWDG_WriteAccessCmd), (12 bytes).
    Removing stm32f10x_pwr.o(i.PWR_BackupAccessCmd), (12 bytes).
    Removing stm32f10x_pwr.o(i.PWR_ClearFlag), (16 bytes).
    Removing stm32f10x_pwr.o(i.PWR_DeInit), (24 bytes).
    Removing stm32f10x_pwr.o(i.PWR_EnterSTANDBYMode), (40 bytes).
    Removing stm32f10x_pwr.o(i.PWR_EnterSTOPMode), (52 bytes).
    Removing stm32f10x_pwr.o(i.PWR_GetFlagStatus), (20 bytes).
    Removing stm32f10x_pwr.o(i.PWR_PVDCmd), (12 bytes).
    Removing stm32f10x_pwr.o(i.PWR_PVDLevelConfig), (20 bytes).
    Removing stm32f10x_pwr.o(i.PWR_WakeUpPinCmd), (12 bytes).
    Removing stm32f10x_rcc.o(i.RCC_ADCCLKConfig), (20 bytes).
    Removing stm32f10x_rcc.o(i.RCC_AHBPeriphClockCmd), (28 bytes).
    Removing stm32f10x_rcc.o(i.RCC_APB1PeriphClockCmd), (28 bytes).
    Removing stm32f10x_rcc.o(i.RCC_APB1PeriphResetCmd), (28 bytes).
    Removing stm32f10x_rcc.o(i.RCC_APB2PeriphResetCmd), (28 bytes).
    Removing stm32f10x_rcc.o(i.RCC_AdjustHSICalibrationValue), (20 bytes).
    Removing stm32f10x_rcc.o(i.RCC_BackupResetCmd), (12 bytes).
    Removing stm32f10x_rcc.o(i.RCC_ClearFlag), (16 bytes).
    Removing stm32f10x_rcc.o(i.RCC_ClearITPendingBit), (12 bytes).
    Removing stm32f10x_rcc.o(i.RCC_ClockSecuritySystemCmd), (12 bytes).
    Removing stm32f10x_rcc.o(i.RCC_DeInit), (64 bytes).
    Removing stm32f10x_rcc.o(i.RCC_GetClocksFreq), (172 bytes).
    Removing stm32f10x_rcc.o(i.RCC_GetFlagStatus), (48 bytes).
    Removing stm32f10x_rcc.o(i.RCC_GetITStatus), (20 bytes).
    Removing stm32f10x_rcc.o(i.RCC_GetSYSCLKSource), (16 bytes).
    Removing stm32f10x_rcc.o(i.RCC_HCLKConfig), (20 bytes).
    Removing stm32f10x_rcc.o(i.RCC_HSEConfig), (56 bytes).
    Removing stm32f10x_rcc.o(i.RCC_HSICmd), (12 bytes).
    Removing stm32f10x_rcc.o(i.RCC_ITConfig), (28 bytes).
    Removing stm32f10x_rcc.o(i.RCC_LSEConfig), (40 bytes).
    Removing stm32f10x_rcc.o(i.RCC_LSICmd), (12 bytes).
    Removing stm32f10x_rcc.o(i.RCC_MCOConfig), (12 bytes).
    Removing stm32f10x_rcc.o(i.RCC_PCLK1Config), (20 bytes).
    Removing stm32f10x_rcc.o(i.RCC_PCLK2Config), (20 bytes).
    Removing stm32f10x_rcc.o(i.RCC_PLLCmd), (12 bytes).
    Removing stm32f10x_rcc.o(i.RCC_PLLConfig), (20 bytes).
    Removing stm32f10x_rcc.o(i.RCC_RTCCLKCmd), (12 bytes).
    Removing stm32f10x_rcc.o(i.RCC_RTCCLKConfig), (16 bytes).
    Removing stm32f10x_rcc.o(i.RCC_SYSCLKConfig), (20 bytes).
    Removing stm32f10x_rcc.o(i.RCC_USBCLKConfig), (12 bytes).
    Removing stm32f10x_rcc.o(i.RCC_WaitForHSEStartUp), (48 bytes).
    Removing stm32f10x_rcc.o(.data), (20 bytes).
    Removing stm32f10x_rtc.o(i.RTC_ClearFlag), (16 bytes).
    Removing stm32f10x_rtc.o(i.RTC_ClearITPendingBit), (16 bytes).
    Removing stm32f10x_rtc.o(i.RTC_EnterConfigMode), (16 bytes).
    Removing stm32f10x_rtc.o(i.RTC_ExitConfigMode), (16 bytes).
    Removing stm32f10x_rtc.o(i.RTC_GetCounter), (20 bytes).
    Removing stm32f10x_rtc.o(i.RTC_GetDivider), (24 bytes).
    Removing stm32f10x_rtc.o(i.RTC_GetFlagStatus), (20 bytes).
    Removing stm32f10x_rtc.o(i.RTC_GetITStatus), (32 bytes).
    Removing stm32f10x_rtc.o(i.RTC_ITConfig), (28 bytes).
    Removing stm32f10x_rtc.o(i.RTC_SetAlarm), (32 bytes).
    Removing stm32f10x_rtc.o(i.RTC_SetCounter), (32 bytes).
    Removing stm32f10x_rtc.o(i.RTC_SetPrescaler), (32 bytes).
    Removing stm32f10x_rtc.o(i.RTC_WaitForLastTask), (16 bytes).
    Removing stm32f10x_rtc.o(i.RTC_WaitForSynchro), (24 bytes).
    Removing stm32f10x_sdio.o(i.SDIO_CEATAITCmd), (16 bytes).
    Removing stm32f10x_sdio.o(i.SDIO_ClearFlag), (12 bytes).
    Removing stm32f10x_sdio.o(i.SDIO_ClearITPendingBit), (12 bytes).
    Removing stm32f10x_sdio.o(i.SDIO_ClockCmd), (12 bytes).
    Removing stm32f10x_sdio.o(i.SDIO_CmdStructInit), (14 bytes).
    Removing stm32f10x_sdio.o(i.SDIO_CommandCompletionCmd), (12 bytes).
    Removing stm32f10x_sdio.o(i.SDIO_DMACmd), (12 bytes).
    Removing stm32f10x_sdio.o(i.SDIO_DataConfig), (44 bytes).
    Removing stm32f10x_sdio.o(i.SDIO_DataStructInit), (20 bytes).
    Removing stm32f10x_sdio.o(i.SDIO_DeInit), (36 bytes).
    Removing stm32f10x_sdio.o(i.SDIO_GetCommandResponse), (12 bytes).
    Removing stm32f10x_sdio.o(i.SDIO_GetDataCounter), (12 bytes).
    Removing stm32f10x_sdio.o(i.SDIO_GetFIFOCount), (12 bytes).
    Removing stm32f10x_sdio.o(i.SDIO_GetFlagStatus), (20 bytes).
    Removing stm32f10x_sdio.o(i.SDIO_GetITStatus), (20 bytes).
    Removing stm32f10x_sdio.o(i.SDIO_GetPowerState), (16 bytes).
    Removing stm32f10x_sdio.o(i.SDIO_GetResponse), (20 bytes).
    Removing stm32f10x_sdio.o(i.SDIO_ITConfig), (28 bytes).
    Removing stm32f10x_sdio.o(i.SDIO_Init), (44 bytes).
    Removing stm32f10x_sdio.o(i.SDIO_ReadData), (12 bytes).
    Removing stm32f10x_sdio.o(i.SDIO_SendCEATACmd), (12 bytes).
    Removing stm32f10x_sdio.o(i.SDIO_SendCommand), (40 bytes).
    Removing stm32f10x_sdio.o(i.SDIO_SendSDIOSuspendCmd), (12 bytes).
    Removing stm32f10x_sdio.o(i.SDIO_SetPowerState), (24 bytes).
    Removing stm32f10x_sdio.o(i.SDIO_SetSDIOOperation), (12 bytes).
    Removing stm32f10x_sdio.o(i.SDIO_SetSDIOReadWaitMode), (12 bytes).
    Removing stm32f10x_sdio.o(i.SDIO_StartSDIOReadWait), (12 bytes).
    Removing stm32f10x_sdio.o(i.SDIO_StopSDIOReadWait), (12 bytes).
    Removing stm32f10x_sdio.o(i.SDIO_StructInit), (16 bytes).
    Removing stm32f10x_sdio.o(i.SDIO_WriteData), (12 bytes).
    Removing stm32f10x_spi.o(i.I2S_Cmd), (24 bytes).
    Removing stm32f10x_spi.o(i.I2S_Init), (168 bytes).
    Removing stm32f10x_spi.o(i.I2S_StructInit), (18 bytes).
    Removing stm32f10x_spi.o(i.SPI_BiDirectionalLineConfig), (26 bytes).
    Removing stm32f10x_spi.o(i.SPI_CalculateCRC), (24 bytes).
    Removing stm32f10x_spi.o(i.SPI_Cmd), (24 bytes).
    Removing stm32f10x_spi.o(i.SPI_DataSizeConfig), (16 bytes).
    Removing stm32f10x_spi.o(i.SPI_GetCRC), (12 bytes).
    Removing stm32f10x_spi.o(i.SPI_GetCRCPolynomial), (4 bytes).
    Removing stm32f10x_spi.o(i.SPI_I2S_ClearFlag), (6 bytes).
    Removing stm32f10x_spi.o(i.SPI_I2S_ClearITPendingBit), (14 bytes).
    Removing stm32f10x_spi.o(i.SPI_I2S_DMACmd), (20 bytes).
    Removing stm32f10x_spi.o(i.SPI_I2S_DeInit), (100 bytes).
    Removing stm32f10x_spi.o(i.SPI_I2S_GetFlagStatus), (14 bytes).
    Removing stm32f10x_spi.o(i.SPI_I2S_GetITStatus), (44 bytes).
    Removing stm32f10x_spi.o(i.SPI_I2S_ITConfig), (28 bytes).
    Removing stm32f10x_spi.o(i.SPI_I2S_ReceiveData), (4 bytes).
    Removing stm32f10x_spi.o(i.SPI_I2S_SendData), (4 bytes).
    Removing stm32f10x_spi.o(i.SPI_Init), (56 bytes).
    Removing stm32f10x_spi.o(i.SPI_NSSInternalSoftwareConfig), (28 bytes).
    Removing stm32f10x_spi.o(i.SPI_SSOutputCmd), (24 bytes).
    Removing stm32f10x_spi.o(i.SPI_StructInit), (24 bytes).
    Removing stm32f10x_spi.o(i.SPI_TransmitCRC), (10 bytes).
    Removing stm32f10x_tim.o(i.TI1_Config), (116 bytes).
    Removing stm32f10x_tim.o(i.TI2_Config), (124 bytes).
    Removing stm32f10x_tim.o(i.TI3_Config), (120 bytes).
    Removing stm32f10x_tim.o(i.TI4_Config), (124 bytes).
    Removing stm32f10x_tim.o(i.TIM_ARRPreloadConfig), (24 bytes).
    Removing stm32f10x_tim.o(i.TIM_BDTRConfig), (34 bytes).
    Removing stm32f10x_tim.o(i.TIM_BDTRStructInit), (18 bytes).
    Removing stm32f10x_tim.o(i.TIM_CCPreloadControl), (24 bytes).
    Removing stm32f10x_tim.o(i.TIM_CCxCmd), (22 bytes).
    Removing stm32f10x_tim.o(i.TIM_CCxNCmd), (22 bytes).
    Removing stm32f10x_tim.o(i.TIM_ClearFlag), (6 bytes).
    Removing stm32f10x_tim.o(i.TIM_ClearOC1Ref), (12 bytes).
    Removing stm32f10x_tim.o(i.TIM_ClearOC2Ref), (20 bytes).
    Removing stm32f10x_tim.o(i.TIM_ClearOC3Ref), (12 bytes).
    Removing stm32f10x_tim.o(i.TIM_ClearOC4Ref), (20 bytes).
    Removing stm32f10x_tim.o(i.TIM_Cmd), (24 bytes).
    Removing stm32f10x_tim.o(i.TIM_CounterModeConfig), (12 bytes).
    Removing stm32f10x_tim.o(i.TIM_CtrlPWMOutputs), (28 bytes).
    Removing stm32f10x_tim.o(i.TIM_DMACmd), (20 bytes).
    Removing stm32f10x_tim.o(i.TIM_DMAConfig), (8 bytes).
    Removing stm32f10x_tim.o(i.TIM_DeInit), (528 bytes).
    Removing stm32f10x_tim.o(i.TIM_ETRClockMode1Config), (32 bytes).
    Removing stm32f10x_tim.o(i.TIM_ETRClockMode2Config), (20 bytes).
    Removing stm32f10x_tim.o(i.TIM_ETRConfig), (24 bytes).
    Removing stm32f10x_tim.o(i.TIM_EncoderInterfaceConfig), (50 bytes).
    Removing stm32f10x_tim.o(i.TIM_ForcedOC1Config), (12 bytes).
    Removing stm32f10x_tim.o(i.TIM_ForcedOC2Config), (20 bytes).
    Removing stm32f10x_tim.o(i.TIM_ForcedOC3Config), (12 bytes).
    Removing stm32f10x_tim.o(i.TIM_ForcedOC4Config), (20 bytes).
    Removing stm32f10x_tim.o(i.TIM_GenerateEvent), (4 bytes).
    Removing stm32f10x_tim.o(i.TIM_GetCapture1), (4 bytes).
    Removing stm32f10x_tim.o(i.TIM_GetCapture2), (4 bytes).
    Removing stm32f10x_tim.o(i.TIM_GetCapture3), (4 bytes).
    Removing stm32f10x_tim.o(i.TIM_GetCapture4), (6 bytes).
    Removing stm32f10x_tim.o(i.TIM_GetCounter), (4 bytes).
    Removing stm32f10x_tim.o(i.TIM_GetFlagStatus), (14 bytes).
    Removing stm32f10x_tim.o(i.TIM_GetPrescaler), (4 bytes).
    Removing stm32f10x_tim.o(i.TIM_ICInit), (140 bytes).
    Removing stm32f10x_tim.o(i.TIM_ICStructInit), (16 bytes).
    Removing stm32f10x_tim.o(i.TIM_ITConfig), (20 bytes).
    Removing stm32f10x_tim.o(i.TIM_ITRxExternalClockConfig), (20 bytes).
    Removing stm32f10x_tim.o(i.TIM_InternalClockConfig), (10 bytes).
    Removing stm32f10x_tim.o(i.TIM_OC1FastConfig), (12 bytes).
    Removing stm32f10x_tim.o(i.TIM_OC1Init), (136 bytes).
    Removing stm32f10x_tim.o(i.TIM_OC1NPolarityConfig), (12 bytes).
    Removing stm32f10x_tim.o(i.TIM_OC1PolarityConfig), (12 bytes).
    Removing stm32f10x_tim.o(i.TIM_OC1PreloadConfig), (12 bytes).
    Removing stm32f10x_tim.o(i.TIM_OC2FastConfig), (20 bytes).
    Removing stm32f10x_tim.o(i.TIM_OC2Init), (136 bytes).
    Removing stm32f10x_tim.o(i.TIM_OC2NPolarityConfig), (20 bytes).
    Removing stm32f10x_tim.o(i.TIM_OC2PolarityConfig), (20 bytes).
    Removing stm32f10x_tim.o(i.TIM_OC2PreloadConfig), (20 bytes).
    Removing stm32f10x_tim.o(i.TIM_OC3FastConfig), (12 bytes).
    Removing stm32f10x_tim.o(i.TIM_OC3Init), (132 bytes).
    Removing stm32f10x_tim.o(i.TIM_OC3NPolarityConfig), (20 bytes).
    Removing stm32f10x_tim.o(i.TIM_OC3PolarityConfig), (20 bytes).
    Removing stm32f10x_tim.o(i.TIM_OC3PreloadConfig), (12 bytes).
    Removing stm32f10x_tim.o(i.TIM_OC4FastConfig), (20 bytes).
    Removing stm32f10x_tim.o(i.TIM_OC4Init), (104 bytes).
    Removing stm32f10x_tim.o(i.TIM_OC4PolarityConfig), (20 bytes).
    Removing stm32f10x_tim.o(i.TIM_OC4PreloadConfig), (20 bytes).
    Removing stm32f10x_tim.o(i.TIM_OCStructInit), (20 bytes).
    Removing stm32f10x_tim.o(i.TIM_PWMIConfig), (110 bytes).
    Removing stm32f10x_tim.o(i.TIM_PrescalerConfig), (6 bytes).
    Removing stm32f10x_tim.o(i.TIM_SelectCCDMA), (24 bytes).
    Removing stm32f10x_tim.o(i.TIM_SelectCOM), (24 bytes).
    Removing stm32f10x_tim.o(i.TIM_SelectHallSensor), (24 bytes).
    Removing stm32f10x_tim.o(i.TIM_SelectInputTrigger), (12 bytes).
    Removing stm32f10x_tim.o(i.TIM_SelectMasterSlaveMode), (16 bytes).
    Removing stm32f10x_tim.o(i.TIM_SelectOCxM), (76 bytes).
    Removing stm32f10x_tim.o(i.TIM_SelectOnePulseMode), (16 bytes).
    Removing stm32f10x_tim.o(i.TIM_SelectOutputTrigger), (16 bytes).
    Removing stm32f10x_tim.o(i.TIM_SelectSlaveMode), (16 bytes).
    Removing stm32f10x_tim.o(i.TIM_SetAutoreload), (4 bytes).
    Removing stm32f10x_tim.o(i.TIM_SetClockDivision), (16 bytes).
    Removing stm32f10x_tim.o(i.TIM_SetCompare1), (4 bytes).
    Removing stm32f10x_tim.o(i.TIM_SetCompare2), (4 bytes).
    Removing stm32f10x_tim.o(i.TIM_SetCompare3), (4 bytes).
    Removing stm32f10x_tim.o(i.TIM_SetCompare4), (6 bytes).
    Removing stm32f10x_tim.o(i.TIM_SetCounter), (4 bytes).
    Removing stm32f10x_tim.o(i.TIM_SetIC1Prescaler), (16 bytes).
    Removing stm32f10x_tim.o(i.TIM_SetIC2Prescaler), (24 bytes).
    Removing stm32f10x_tim.o(i.TIM_SetIC3Prescaler), (16 bytes).
    Removing stm32f10x_tim.o(i.TIM_SetIC4Prescaler), (24 bytes).
    Removing stm32f10x_tim.o(i.TIM_TIxExternalClockConfig), (48 bytes).
    Removing stm32f10x_tim.o(i.TIM_TimeBaseInit), (156 bytes).
    Removing stm32f10x_tim.o(i.TIM_TimeBaseStructInit), (18 bytes).
    Removing stm32f10x_tim.o(i.TIM_UpdateDisableConfig), (24 bytes).
    Removing stm32f10x_tim.o(i.TIM_UpdateRequestConfig), (24 bytes).
    Removing stm32f10x_usart.o(i.USART_ClearFlag), (8 bytes).
    Removing stm32f10x_usart.o(i.USART_ClockInit), (30 bytes).
    Removing stm32f10x_usart.o(i.USART_ClockStructInit), (12 bytes).
    Removing stm32f10x_usart.o(i.USART_Cmd), (24 bytes).
    Removing stm32f10x_usart.o(i.USART_DMACmd), (20 bytes).
    Removing stm32f10x_usart.o(i.USART_DeInit), (164 bytes).
    Removing stm32f10x_usart.o(i.USART_GetITStatus), (64 bytes).
    Removing stm32f10x_usart.o(i.USART_HalfDuplexCmd), (24 bytes).
    Removing stm32f10x_usart.o(i.USART_ITConfig), (54 bytes).
    Removing stm32f10x_usart.o(i.USART_Init), (188 bytes).
    Removing stm32f10x_usart.o(i.USART_IrDACmd), (24 bytes).
    Removing stm32f10x_usart.o(i.USART_IrDAConfig), (16 bytes).
    Removing stm32f10x_usart.o(i.USART_LINBreakDetectLengthConfig), (16 bytes).
    Removing stm32f10x_usart.o(i.USART_LINCmd), (24 bytes).
    Removing stm32f10x_usart.o(i.USART_OneBitMethodCmd), (24 bytes).
    Removing stm32f10x_usart.o(i.USART_OverSampling8Cmd), (24 bytes).
    Removing stm32f10x_usart.o(i.USART_ReceiverWakeUpCmd), (24 bytes).
    Removing stm32f10x_usart.o(i.USART_SendBreak), (10 bytes).
    Removing stm32f10x_usart.o(i.USART_SendData), (8 bytes).
    Removing stm32f10x_usart.o(i.USART_SetAddress), (16 bytes).
    Removing stm32f10x_usart.o(i.USART_SetGuardTime), (16 bytes).
    Removing stm32f10x_usart.o(i.USART_SetPrescaler), (16 bytes).
    Removing stm32f10x_usart.o(i.USART_SmartCardCmd), (24 bytes).
    Removing stm32f10x_usart.o(i.USART_SmartCardNACKCmd), (24 bytes).
    Removing stm32f10x_usart.o(i.USART_StructInit), (22 bytes).
    Removing stm32f10x_usart.o(i.USART_WakeUpConfig), (16 bytes).
    Removing stm32f10x_wwdg.o(i.WWDG_ClearFlag), (12 bytes).
    Removing stm32f10x_wwdg.o(i.WWDG_DeInit), (24 bytes).
    Removing stm32f10x_wwdg.o(i.WWDG_Enable), (16 bytes).
    Removing stm32f10x_wwdg.o(i.WWDG_EnableIT), (12 bytes).
    Removing stm32f10x_wwdg.o(i.WWDG_GetFlagStatus), (12 bytes).
    Removing stm32f10x_wwdg.o(i.WWDG_SetCounter), (16 bytes).
    Removing stm32f10x_wwdg.o(i.WWDG_SetPrescaler), (20 bytes).
    Removing stm32f10x_wwdg.o(i.WWDG_SetWindowValue), (32 bytes).
    Removing delay.o(i.Delay_s), (24 bytes).
    Removing oled.o(i.OLED_Clear), (38 bytes).
    Removing oled.o(i.OLED_I2C_Init), (80 bytes).
    Removing oled.o(i.OLED_I2C_SendByte), (92 bytes).
    Removing oled.o(i.OLED_I2C_Start), (56 bytes).
    Removing oled.o(i.OLED_I2C_Stop), (48 bytes).
    Removing oled.o(i.OLED_Init), (172 bytes).
    Removing oled.o(i.OLED_Pow), (16 bytes).
    Removing oled.o(i.OLED_SetCursor), (34 bytes).
    Removing oled.o(i.OLED_ShowBinNum), (58 bytes).
    Removing oled.o(i.OLED_ShowChar), (88 bytes).
    Removing oled.o(i.OLED_ShowHexNum), (80 bytes).
    Removing oled.o(i.OLED_ShowNum), (64 bytes).
    Removing oled.o(i.OLED_ShowSignedNum), (98 bytes).
    Removing oled.o(i.OLED_ShowString), (38 bytes).
    Removing oled.o(i.OLED_WriteCommand), (34 bytes).
    Removing oled.o(i.OLED_WriteData), (34 bytes).
    Removing oled.o(.constdata), (1520 bytes).
    Removing serial.o(i.Serial_GetRxData), (12 bytes).
    Removing serial.o(i.Serial_GetRxFlag), (24 bytes).
    Removing serial.o(i.Serial_Init), (180 bytes).
    Removing serial.o(i.Serial_Pow), (16 bytes).
    Removing serial.o(i.Serial_SendArray), (26 bytes).
    Removing serial.o(i.Serial_SendByte), (32 bytes).
    Removing serial.o(i.Serial_SendNum), (54 bytes).
    Removing serial.o(i.Serial_SendString), (24 bytes).
    Removing serial_2.o(i.Serial_GetRxData_2), (12 bytes).
    Removing serial_2.o(i.Serial_GetRxFlag_2), (24 bytes).
    Removing serial_2.o(i.Serial_Init_2), (180 bytes).
    Removing serial_2.o(i.Serial_Pow_2), (16 bytes).
    Removing serial_2.o(i.Serial_SendArray_2), (26 bytes).
    Removing serial_2.o(i.Serial_SendByte_2), (32 bytes).
    Removing serial_2.o(i.Serial_SendNum_2), (54 bytes).
    Removing serial_2.o(i.Serial_SendString_2), (24 bytes).
    Removing serial_2.o(i.fputc), (14 bytes).
    Removing serial_2.o(.data), (2 bytes).
    Removing serial_3.o(i.Serial_GetRxData_3), (12 bytes).
    Removing serial_3.o(i.Serial_GetRxFlag_3), (24 bytes).
    Removing serial_3.o(i.Serial_Init_3), (180 bytes).
    Removing serial_3.o(i.Serial_Pow_3), (16 bytes).
    Removing serial_3.o(i.Serial_SendArray_3), (26 bytes).
    Removing serial_3.o(i.Serial_SendByte_3), (32 bytes).
    Removing serial_3.o(i.Serial_SendNum_3), (54 bytes).
    Removing serial_3.o(i.Serial_SendString_3), (24 bytes).
    Removing adc_1.o(i.ADC1_GetValue), (40 bytes).
    Removing adc_1.o(i.ADC1_Init), (152 bytes).
    Removing adc_2.o(i.ADC2_GetValue), (40 bytes).
    Removing adc_2.o(i.ADC2_Init), (152 bytes).
    Removing timer2.o(i.Timer2_Init), (122 bytes).
    Removing spi_hardware.o(i.SPI_Hardware_Init), (180 bytes).
    Removing spi_hardware.o(i.SPI_Hardware_Start), (6 bytes).
    Removing spi_hardware.o(i.SPI_Hardware_Stop), (6 bytes).
    Removing spi_hardware.o(i.SPI_Hardware_SwapByte), (52 bytes).
    Removing spi_hardware.o(i.SPI_Hardware_WriteBit_CS), (16 bytes).
    Removing spi_software.o(i.SPI_Software_Init), (80 bytes).
    Removing spi_software.o(i.SPI_Software_ReadBit_MISO), (12 bytes).
    Removing spi_software.o(i.SPI_Software_Start), (6 bytes).
    Removing spi_software.o(i.SPI_Software_Stop), (6 bytes).
    Removing spi_software.o(i.SPI_Software_SwapByte), (54 bytes).
    Removing spi_software.o(i.SPI_Software_WriteBit_CS), (16 bytes).
    Removing spi_software.o(i.SPI_Software_WriteBit_MOSI), (16 bytes).
    Removing spi_software.o(i.SPI_Software_WriteBit_SCLK), (16 bytes).
    Removing spi2.o(i.SPI2_Init), (152 bytes).
    Removing spi2.o(i.SPI_SetSpeed), (36 bytes).
    Removing spi2.o(i.SPI_WriteByte), (20 bytes).
    Removing i2c_hardware.o(i.I2C_Hardware_Init), (116 bytes).
    Removing i2c_hardware.o(i.I2C_Hardware_ReadReg), (160 bytes).
    Removing i2c_hardware.o(i.I2C_Hardware_WaitEvent), (20 bytes).
    Removing i2c_hardware.o(i.I2C_Hardware_WriteReg), (108 bytes).
    Removing i2c_software.o(i.I2C_Software_Init), (56 bytes).
    Removing i2c_software.o(i.I2C_Software_R_SDA), (28 bytes).
    Removing i2c_software.o(i.I2C_Software_ReceiveAck), (30 bytes).
    Removing i2c_software.o(i.I2C_Software_ReceiveByte), (52 bytes).
    Removing i2c_software.o(i.I2C_Software_SendAck), (22 bytes).
    Removing i2c_software.o(i.I2C_Software_SendByte), (40 bytes).
    Removing i2c_software.o(i.I2C_Software_Start), (30 bytes).
    Removing i2c_software.o(i.I2C_Software_Stop), (24 bytes).
    Removing i2c_software.o(i.I2C_Software_W_SCL), (28 bytes).
    Removing i2c_software.o(i.I2C_Software_W_SDA), (28 bytes).
    Removing ad9833.o(i.AD9833_AmpSet), (96 bytes).
    Removing ad9833.o(i.AD9833_Init), (64 bytes).
    Removing ad9833.o(i.AD9833_WaveSeting), (172 bytes).
    Removing ad9833.o(i.AD9833_WriteReg), (120 bytes).
    Removing ov7670.o(i.OV7670_Brightness), (40 bytes).
    Removing ov7670.o(i.OV7670_Color_Saturation), (116 bytes).
    Removing ov7670.o(i.OV7670_Contrast), (40 bytes).
    Removing ov7670.o(i.OV7670_Effects_Set), (60 bytes).
    Removing ov7670.o(i.OV7670_Init), (252 bytes).
    Removing ov7670.o(i.OV7670_Light_Mode), (80 bytes).
    Removing ov7670.o(i.OV7670_ReadReg), (76 bytes).
    Removing ov7670.o(i.OV7670_Special_Effects), (88 bytes).
    Removing ov7670.o(i.OV7670_Window_Set), (110 bytes).
    Removing ov7670.o(i.OV7670_WriteReg), (48 bytes).
    Removing ov7670.o(.constdata), (336 bytes).
    Removing sccb.o(i.SCCB_Init), (84 bytes).
    Removing sccb.o(i.SCCB_R_SDA), (28 bytes).
    Removing sccb.o(i.SCCB_ReceiveAck), (30 bytes).
    Removing sccb.o(i.SCCB_ReceiveByte), (58 bytes).
    Removing sccb.o(i.SCCB_SendAck), (42 bytes).
    Removing sccb.o(i.SCCB_SendByte), (64 bytes).
    Removing sccb.o(i.SCCB_Start), (54 bytes).
    Removing sccb.o(i.SCCB_Stop), (42 bytes).
    Removing sccb.o(i.SCCB_W_SCL), (28 bytes).
    Removing sccb.o(i.SCCB_W_SDA), (28 bytes).
    Removing lcd.o(i.LCD_Clear), (96 bytes).
    Removing lcd.o(i.LCD_DrawFRONT_COLOR), (22 bytes).
    Removing lcd.o(i.LCD_DrawPoint), (24 bytes).
    Removing lcd.o(i.LCD_GPIOInit), (44 bytes).
    Removing lcd.o(i.LCD_Init), (580 bytes).
    Removing lcd.o(i.LCD_RESET), (36 bytes).
    Removing lcd.o(i.LCD_SetCursor), (8 bytes).
    Removing lcd.o(i.LCD_SetWindows), (92 bytes).
    Removing lcd.o(i.LCD_WR_DATA), (36 bytes).
    Removing lcd.o(i.LCD_WR_REG), (36 bytes).
    Removing lcd.o(i.LCD_WriteData_16Bit), (48 bytes).
    Removing lcd.o(i.LCD_WriteRAM_Prepare), (12 bytes).
    Removing lcd.o(i.LCD_WriteReg), (18 bytes).
    Removing lcd.o(i.LCD_direction), (92 bytes).
    Removing lcd.o(.bss), (14 bytes).
    Removing lcd.o(.data), (2 bytes).
    Removing lcd.o(.data), (2 bytes).
    Removing lcd.o(.data), (2 bytes).
    Removing gpios.o(i.Config_GPIO), (144 bytes).
    Removing gpios.o(i.Set_GPIO_High), (4 bytes).
    Removing gpios.o(i.Set_GPIO_Low), (4 bytes).
    Removing ads8688.o(i.ADS8688_GPIO_Init), (120 bytes).
    Removing ads8688.o(i.ADS8688_Init_Mult), (160 bytes).
    Removing ads8688.o(i.ADS8688_READ_Program_Register), (48 bytes).
    Removing ads8688.o(i.ADS8688_SPI_RB), (72 bytes).
    Removing ads8688.o(i.ADS8688_SPI_WB), (72 bytes).
    Removing ads8688.o(i.ADS8688_WriteCommandReg), (44 bytes).
    Removing ads8688.o(i.ADS8688_Write_Program_Register), (52 bytes).
    Removing ads8688.o(i.AUTO_RST_MODE), (8 bytes).
    Removing ads8688.o(i.Enter_RESET_MODE), (8 bytes).
    Removing ads8688.o(i.Get_AUTO_RST_Mode_Data), (80 bytes).
    Removing ads8688.o(i.Get_MAN_ch_n_Mode_Data), (56 bytes).
    Removing ads8688.o(i.MAN_Ch_n_Mode), (4 bytes).
    Removing ads8688.o(i.Set_CH_Range_Select), (4 bytes).
    Removing ads8688.o(i.get_ADS_ch1), (18 bytes).
    Removing ads1118.o(i.ADS1118_ADC_Init), (76 bytes).
    Removing ads1118.o(i.ADS1118_Get_ADC_Continuous_Data), (396 bytes).
    Removing ads1118.o(i.MySPI_Init), (180 bytes).
    Removing ads1118.o(i.MySPI_SwapByte), (52 bytes).
    Removing ad9954.o(i.AD9954_ReadByte), (64 bytes).
    Removing ad9954.o(i.AD9954_ReadBytes), (56 bytes).
    Removing ad9954.o(i.AD9954_Set_Phase), (44 bytes).
    Removing tlv5638.o(i.TLV5638_GPIO_Init), (68 bytes).
    Removing tlv5638.o(i.TLV5638_Init), (26 bytes).
    Removing tlv5638.o(i.TLV5638_PWR_DOWN), (8 bytes).
    Removing tlv5638.o(i.TLV5638_Send2Byte), (100 bytes).
    Removing tlv5638.o(i.TLV5638_Set_DACA), (8 bytes).
    Removing tlv5638.o(i.TLV5638_Set_DACB), (8 bytes).
    Removing tlv5638.o(i.TLV5638_Set_Vref_1024), (8 bytes).
    Removing tlv5638.o(i.TLV5638_Set_Vref_2048), (8 bytes).
    Removing fdiv.o(.text), (124 bytes).
    Removing ddiv.o(.text), (222 bytes).
    Removing dscalb.o(.text), (46 bytes).
    Removing dfltui.o(.text), (26 bytes).
    Removing dfixi.o(.text), (62 bytes).
    Removing d2f.o(.text), (56 bytes).
    Removing fepilogue.o(.text), (110 bytes).

631 unused section(s) (total 28210 bytes) removed from the image.

==============================================================================

Image Symbol Table

    Local Symbols

    Symbol Name                              Value     Ov Type        Size  Object(Section)

    ../clib/microlib/init/entry.s            0x00000000   Number         0  entry11b.o ABSOLUTE
    ../clib/microlib/init/entry.s            0x00000000   Number         0  entry8a.o ABSOLUTE
    ../clib/microlib/init/entry.s            0x00000000   Number         0  entry.o ABSOLUTE
    ../clib/microlib/init/entry.s            0x00000000   Number         0  entry5.o ABSOLUTE
    ../clib/microlib/init/entry.s            0x00000000   Number         0  entry7b.o ABSOLUTE
    ../clib/microlib/init/entry.s            0x00000000   Number         0  entry7a.o ABSOLUTE
    ../clib/microlib/init/entry.s            0x00000000   Number         0  entry2.o ABSOLUTE
    ../clib/microlib/init/entry.s            0x00000000   Number         0  entry11a.o ABSOLUTE
    ../clib/microlib/init/entry.s            0x00000000   Number         0  entry8b.o ABSOLUTE
    ../clib/microlib/init/entry.s            0x00000000   Number         0  entry9a.o ABSOLUTE
    ../clib/microlib/init/entry.s            0x00000000   Number         0  entry9b.o ABSOLUTE
    ../clib/microlib/init/entry.s            0x00000000   Number         0  entry10a.o ABSOLUTE
    ../clib/microlib/init/entry.s            0x00000000   Number         0  entry12b.o ABSOLUTE
    ../clib/microlib/init/entry.s            0x00000000   Number         0  entry12a.o ABSOLUTE
    ../clib/microlib/init/entry.s            0x00000000   Number         0  entry10b.o ABSOLUTE
    ../clib/microlib/longlong.c              0x00000000   Number         0  llshl.o ABSOLUTE
    ../clib/microlib/longlong.c              0x00000000   Number         0  llushr.o ABSOLUTE
    ../clib/microlib/stubs.s                 0x00000000   Number         0  iusefp.o ABSOLUTE
    ../fplib/microlib/d2f.c                  0x00000000   Number         0  d2f.o ABSOLUTE
    ../fplib/microlib/fpdiv.c                0x00000000   Number         0  ddiv.o ABSOLUTE
    ../fplib/microlib/fpdiv.c                0x00000000   Number         0  fdiv.o ABSOLUTE
    ../fplib/microlib/fpepilogue.c           0x00000000   Number         0  fepilogue.o ABSOLUTE
    ../fplib/microlib/fpepilogue.c           0x00000000   Number         0  depilogue.o ABSOLUTE
    ../fplib/microlib/fpfix.c                0x00000000   Number         0  dfixi.o ABSOLUTE
    ../fplib/microlib/fpfix.c                0x00000000   Number         0  dfixui.o ABSOLUTE
    ../fplib/microlib/fpflt.c                0x00000000   Number         0  dfltui.o ABSOLUTE
    ../fplib/microlib/fpmul.c                0x00000000   Number         0  dmul.o ABSOLUTE
    ../fplib/microlib/fpscalb.c              0x00000000   Number         0  dscalb.o ABSOLUTE
    AD9833\AD9833.c                          0x00000000   Number         0  ad9833.o ABSOLUTE
    AD9954\AD9954.c                          0x00000000   Number         0  ad9954.o ABSOLUTE
    ADC\ADC_1.c                              0x00000000   Number         0  adc_1.o ABSOLUTE
    ADC\ADC_2.c                              0x00000000   Number         0  adc_2.o ABSOLUTE
    ADS1118\ADS1118.c                        0x00000000   Number         0  ads1118.o ABSOLUTE
    ADS8688\ADS8688.c                        0x00000000   Number         0  ads8688.o ABSOLUTE
    GPIOS\GPIOS.c                            0x00000000   Number         0  gpios.o ABSOLUTE
    I2C\I2C_Hardware.c                       0x00000000   Number         0  i2c_hardware.o ABSOLUTE
    I2C\I2C_Software.c                       0x00000000   Number         0  i2c_software.o ABSOLUTE
    LCD\LCD.c                                0x00000000   Number         0  lcd.o ABSOLUTE
    Library\misc.c                           0x00000000   Number         0  misc.o ABSOLUTE
    Library\stm32f10x_adc.c                  0x00000000   Number         0  stm32f10x_adc.o ABSOLUTE
    Library\stm32f10x_bkp.c                  0x00000000   Number         0  stm32f10x_bkp.o ABSOLUTE
    Library\stm32f10x_can.c                  0x00000000   Number         0  stm32f10x_can.o ABSOLUTE
    Library\stm32f10x_cec.c                  0x00000000   Number         0  stm32f10x_cec.o ABSOLUTE
    Library\stm32f10x_crc.c                  0x00000000   Number         0  stm32f10x_crc.o ABSOLUTE
    Library\stm32f10x_dac.c                  0x00000000   Number         0  stm32f10x_dac.o ABSOLUTE
    Library\stm32f10x_dbgmcu.c               0x00000000   Number         0  stm32f10x_dbgmcu.o ABSOLUTE
    Library\stm32f10x_dma.c                  0x00000000   Number         0  stm32f10x_dma.o ABSOLUTE
    Library\stm32f10x_exti.c                 0x00000000   Number         0  stm32f10x_exti.o ABSOLUTE
    Library\stm32f10x_flash.c                0x00000000   Number         0  stm32f10x_flash.o ABSOLUTE
    Library\stm32f10x_fsmc.c                 0x00000000   Number         0  stm32f10x_fsmc.o ABSOLUTE
    Library\stm32f10x_gpio.c                 0x00000000   Number         0  stm32f10x_gpio.o ABSOLUTE
    Library\stm32f10x_i2c.c                  0x00000000   Number         0  stm32f10x_i2c.o ABSOLUTE
    Library\stm32f10x_iwdg.c                 0x00000000   Number         0  stm32f10x_iwdg.o ABSOLUTE
    Library\stm32f10x_pwr.c                  0x00000000   Number         0  stm32f10x_pwr.o ABSOLUTE
    Library\stm32f10x_rcc.c                  0x00000000   Number         0  stm32f10x_rcc.o ABSOLUTE
    Library\stm32f10x_rtc.c                  0x00000000   Number         0  stm32f10x_rtc.o ABSOLUTE
    Library\stm32f10x_sdio.c                 0x00000000   Number         0  stm32f10x_sdio.o ABSOLUTE
    Library\stm32f10x_spi.c                  0x00000000   Number         0  stm32f10x_spi.o ABSOLUTE
    Library\stm32f10x_tim.c                  0x00000000   Number         0  stm32f10x_tim.o ABSOLUTE
    Library\stm32f10x_usart.c                0x00000000   Number         0  stm32f10x_usart.o ABSOLUTE
    Library\stm32f10x_wwdg.c                 0x00000000   Number         0  stm32f10x_wwdg.o ABSOLUTE
    OLED\OLED.c                              0x00000000   Number         0  oled.o ABSOLUTE
    OV7670\OV7670.c                          0x00000000   Number         0  ov7670.o ABSOLUTE
    SCCB\SCCB.c                              0x00000000   Number         0  sccb.o ABSOLUTE
    SPI\SPI2.c                               0x00000000   Number         0  spi2.o ABSOLUTE
    SPI\SPI_Hardware.c                       0x00000000   Number         0  spi_hardware.o ABSOLUTE
    SPI\SPI_Software.c                       0x00000000   Number         0  spi_software.o ABSOLUTE
    Start\\core_cm3.c                        0x00000000   Number         0  core_cm3.o ABSOLUTE
    Start\core_cm3.c                         0x00000000   Number         0  core_cm3.o ABSOLUTE
    Start\startup_stm32f10x_md.s             0x00000000   Number         0  startup_stm32f10x_md.o ABSOLUTE
    Start\system_stm32f10x.c                 0x00000000   Number         0  system_stm32f10x.o ABSOLUTE
    TIMER\Timer2.c                           0x00000000   Number         0  timer2.o ABSOLUTE
    TLV5638\TLV5638.c                        0x00000000   Number         0  tlv5638.o ABSOLUTE
    UART\Serial.c                            0x00000000   Number         0  serial.o ABSOLUTE
    UART\Serial_2.c                          0x00000000   Number         0  serial_2.o ABSOLUTE
    UART\Serial_3.c                          0x00000000   Number         0  serial_3.o ABSOLUTE
    User\main.c                              0x00000000   Number         0  main.o ABSOLUTE
    User\stm32f10x_it.c                      0x00000000   Number         0  stm32f10x_it.o ABSOLUTE
    dc.s                                     0x00000000   Number         0  dc.o ABSOLUTE
    handlers.s                               0x00000000   Number         0  handlers.o ABSOLUTE
    init.s                                   0x00000000   Number         0  init.o ABSOLUTE
    system\Delay.c                           0x00000000   Number         0  delay.o ABSOLUTE
    system\GPIO.c                            0x00000000   Number         0  gpio.o ABSOLUTE
    RESET                                    0x08000000   Section      236  startup_stm32f10x_md.o(RESET)
    .ARM.Collect$$$$00000000                 0x080000ec   Section        0  entry.o(.ARM.Collect$$$$00000000)
    .ARM.Collect$$$$00000001                 0x080000ec   Section        4  entry2.o(.ARM.Collect$$$$00000001)
    .ARM.Collect$$$$00000004                 0x080000f0   Section        4  entry5.o(.ARM.Collect$$$$00000004)
    .ARM.Collect$$$$00000008                 0x080000f4   Section        0  entry7b.o(.ARM.Collect$$$$00000008)
    .ARM.Collect$$$$0000000A                 0x080000f4   Section        0  entry8b.o(.ARM.Collect$$$$0000000A)
    .ARM.Collect$$$$0000000B                 0x080000f4   Section        8  entry9a.o(.ARM.Collect$$$$0000000B)
    .ARM.Collect$$$$0000000E                 0x080000fc   Section        4  entry12b.o(.ARM.Collect$$$$0000000E)
    .ARM.Collect$$$$0000000F                 0x08000100   Section        0  entry10a.o(.ARM.Collect$$$$0000000F)
    .ARM.Collect$$$$00000011                 0x08000100   Section        0  entry11a.o(.ARM.Collect$$$$00000011)
    .ARM.Collect$$$$00002712                 0x08000100   Section        4  entry2.o(.ARM.Collect$$$$00002712)
    __lit__00000000                          0x08000100   Data           4  entry2.o(.ARM.Collect$$$$00002712)
    .text                                    0x08000104   Section       36  startup_stm32f10x_md.o(.text)
    .text                                    0x08000128   Section        0  dmul.o(.text)
    .text                                    0x0800020c   Section        0  dfixui.o(.text)
    .text                                    0x0800023e   Section        0  llushr.o(.text)
    .text                                    0x0800025e   Section        0  depilogue.o(.text)
    .text                                    0x0800025e   Section        0  iusefp.o(.text)
    .text                                    0x08000318   Section       36  init.o(.text)
    .text                                    0x0800033c   Section        0  llshl.o(.text)
    i.AD9954_GPIO_Init                       0x0800035c   Section        0  ad9954.o(i.AD9954_GPIO_Init)
    i.AD9954_Init                            0x080003c0   Section        0  ad9954.o(i.AD9954_Init)
    i.AD9954_RST                             0x0800041c   Section        0  ad9954.o(i.AD9954_RST)
    i.AD9954_SendByte                        0x0800043c   Section        0  ad9954.o(i.AD9954_SendByte)
    i.AD9954_SendBytes                       0x08000484   Section        0  ad9954.o(i.AD9954_SendBytes)
    i.AD9954_Set_Amp                         0x080004a4   Section        0  ad9954.o(i.AD9954_Set_Amp)
    i.AD9954_Set_Fre                         0x080004d0   Section        0  ad9954.o(i.AD9954_Set_Fre)
    i.AD9954_UPDATE                          0x0800050c   Section        0  ad9954.o(i.AD9954_UPDATE)
    i.BusFault_Handler                       0x08000524   Section        0  stm32f10x_it.o(i.BusFault_Handler)
    i.DebugMon_Handler                       0x08000526   Section        0  stm32f10x_it.o(i.DebugMon_Handler)
    i.Delay_ms                               0x08000528   Section        0  delay.o(i.Delay_ms)
    i.Delay_us                               0x08000540   Section        0  delay.o(i.Delay_us)
    i.GPIO_Init                              0x08000560   Section        0  stm32f10x_gpio.o(i.GPIO_Init)
    i.Get_FTW                                0x08000608   Section        0  ad9954.o(i.Get_FTW)
    i.HardFault_Handler                      0x08000620   Section        0  stm32f10x_it.o(i.HardFault_Handler)
    i.MemManage_Handler                      0x08000622   Section        0  stm32f10x_it.o(i.MemManage_Handler)
    i.NMI_Handler                            0x08000624   Section        0  stm32f10x_it.o(i.NMI_Handler)
    i.PendSV_Handler                         0x08000626   Section        0  stm32f10x_it.o(i.PendSV_Handler)
    i.RCC_APB2PeriphClockCmd                 0x08000628   Section        0  stm32f10x_rcc.o(i.RCC_APB2PeriphClockCmd)
    i.SVC_Handler                            0x08000644   Section        0  stm32f10x_it.o(i.SVC_Handler)
    i.SetSysClock                            0x08000646   Section        0  system_stm32f10x.o(i.SetSysClock)
    SetSysClock                              0x08000647   Thumb Code     4  system_stm32f10x.o(i.SetSysClock)
    i.SetSysClockTo72                        0x0800064c   Section        0  system_stm32f10x.o(i.SetSysClockTo72)
    SetSysClockTo72                          0x0800064d   Thumb Code   166  system_stm32f10x.o(i.SetSysClockTo72)
    i.SysTick_Handler                        0x080006fc   Section        0  stm32f10x_it.o(i.SysTick_Handler)
    i.SystemInit                             0x08000700   Section        0  system_stm32f10x.o(i.SystemInit)
    i.TIM2_IRQHandler                        0x08000750   Section        0  timer2.o(i.TIM2_IRQHandler)
    i.TIM_ClearITPendingBit                  0x0800076e   Section        0  stm32f10x_tim.o(i.TIM_ClearITPendingBit)
    i.TIM_GetITStatus                        0x08000774   Section        0  stm32f10x_tim.o(i.TIM_GetITStatus)
    i.USART1_IRQHandler                      0x0800078c   Section        0  serial.o(i.USART1_IRQHandler)
    i.USART3_IRQHandler                      0x080007d0   Section        0  serial_3.o(i.USART3_IRQHandler)
    i.USART_ClearITPendingBit                0x08000808   Section        0  stm32f10x_usart.o(i.USART_ClearITPendingBit)
    i.USART_GetFlagStatus                    0x08000818   Section        0  stm32f10x_usart.o(i.USART_GetFlagStatus)
    i.USART_ReceiveData                      0x08000826   Section        0  stm32f10x_usart.o(i.USART_ReceiveData)
    i.UsageFault_Handler                     0x0800082e   Section        0  stm32f10x_it.o(i.UsageFault_Handler)
    i.__scatterload_copy                     0x08000830   Section       14  handlers.o(i.__scatterload_copy)
    i.__scatterload_null                     0x0800083e   Section        2  handlers.o(i.__scatterload_null)
    i.__scatterload_zeroinit                 0x08000840   Section       14  handlers.o(i.__scatterload_zeroinit)
    i.main                                   0x08000850   Section        0  main.o(i.main)
    .data                                    0x20000000   Section        6  serial.o(.data)
    .data                                    0x20000006   Section        2  serial_3.o(.data)
    .data                                    0x20000008   Section        8  ad9954.o(.data)
    STACK                                    0x20000010   Section     1024  startup_stm32f10x_md.o(STACK)

    Global Symbols

    Symbol Name                              Value     Ov Type        Size  Object(Section)

    BuildAttributes$$THM_ISAv4$P$D$K$B$S$PE$A:L22UL41UL21$X:L11$S22US41US21$IEEE1$IW$USESV6$~STKCKD$USESV7$~SHL$OTIME$ROPI$EBA8$MICROLIB$REQ8$PRES8$EABIv2 0x00000000   Number         0  anon$$obj.o ABSOLUTE
    __ARM_use_no_argv                        0x00000000   Number         0  main.o ABSOLUTE
    __arm_fini_                               - Undefined Weak Reference
    __cpp_initialize__aeabi_                  - Undefined Weak Reference
    __cxa_finalize                            - Undefined Weak Reference
    __decompress                              - Undefined Weak Reference
    _clock_init                               - Undefined Weak Reference
    _microlib_exit                            - Undefined Weak Reference
    __Vectors_Size                           0x000000ec   Number         0  startup_stm32f10x_md.o ABSOLUTE
    __Vectors                                0x08000000   Data           4  startup_stm32f10x_md.o(RESET)
    __Vectors_End                            0x080000ec   Data           0  startup_stm32f10x_md.o(RESET)
    __main                                   0x080000ed   Thumb Code     0  entry.o(.ARM.Collect$$$$00000000)
    _main_stk                                0x080000ed   Thumb Code     0  entry2.o(.ARM.Collect$$$$00000001)
    _main_scatterload                        0x080000f1   Thumb Code     0  entry5.o(.ARM.Collect$$$$00000004)
    __main_after_scatterload                 0x080000f5   Thumb Code     0  entry5.o(.ARM.Collect$$$$00000004)
    _main_clock                              0x080000f5   Thumb Code     0  entry7b.o(.ARM.Collect$$$$00000008)
    _main_cpp_init                           0x080000f5   Thumb Code     0  entry8b.o(.ARM.Collect$$$$0000000A)
    _main_init                               0x080000f5   Thumb Code     0  entry9a.o(.ARM.Collect$$$$0000000B)
    __rt_lib_shutdown_fini                   0x080000fd   Thumb Code     0  entry12b.o(.ARM.Collect$$$$0000000E)
    __rt_final_cpp                           0x08000101   Thumb Code     0  entry10a.o(.ARM.Collect$$$$0000000F)
    __rt_final_exit                          0x08000101   Thumb Code     0  entry11a.o(.ARM.Collect$$$$00000011)
    Reset_Handler                            0x08000105   Thumb Code     8  startup_stm32f10x_md.o(.text)
    ADC1_2_IRQHandler                        0x0800011f   Thumb Code     0  startup_stm32f10x_md.o(.text)
    CAN1_RX1_IRQHandler                      0x0800011f   Thumb Code     0  startup_stm32f10x_md.o(.text)
    CAN1_SCE_IRQHandler                      0x0800011f   Thumb Code     0  startup_stm32f10x_md.o(.text)
    DMA1_Channel1_IRQHandler                 0x0800011f   Thumb Code     0  startup_stm32f10x_md.o(.text)
    DMA1_Channel2_IRQHandler                 0x0800011f   Thumb Code     0  startup_stm32f10x_md.o(.text)
    DMA1_Channel3_IRQHandler                 0x0800011f   Thumb Code     0  startup_stm32f10x_md.o(.text)
    DMA1_Channel4_IRQHandler                 0x0800011f   Thumb Code     0  startup_stm32f10x_md.o(.text)
    DMA1_Channel5_IRQHandler                 0x0800011f   Thumb Code     0  startup_stm32f10x_md.o(.text)
    DMA1_Channel6_IRQHandler                 0x0800011f   Thumb Code     0  startup_stm32f10x_md.o(.text)
    DMA1_Channel7_IRQHandler                 0x0800011f   Thumb Code     0  startup_stm32f10x_md.o(.text)
    EXTI0_IRQHandler                         0x0800011f   Thumb Code     0  startup_stm32f10x_md.o(.text)
    EXTI15_10_IRQHandler                     0x0800011f   Thumb Code     0  startup_stm32f10x_md.o(.text)
    EXTI1_IRQHandler                         0x0800011f   Thumb Code     0  startup_stm32f10x_md.o(.text)
    EXTI2_IRQHandler                         0x0800011f   Thumb Code     0  startup_stm32f10x_md.o(.text)
    EXTI3_IRQHandler                         0x0800011f   Thumb Code     0  startup_stm32f10x_md.o(.text)
    EXTI4_IRQHandler                         0x0800011f   Thumb Code     0  startup_stm32f10x_md.o(.text)
    EXTI9_5_IRQHandler                       0x0800011f   Thumb Code     0  startup_stm32f10x_md.o(.text)
    FLASH_IRQHandler                         0x0800011f   Thumb Code     0  startup_stm32f10x_md.o(.text)
    I2C1_ER_IRQHandler                       0x0800011f   Thumb Code     0  startup_stm32f10x_md.o(.text)
    I2C1_EV_IRQHandler                       0x0800011f   Thumb Code     0  startup_stm32f10x_md.o(.text)
    I2C2_ER_IRQHandler                       0x0800011f   Thumb Code     0  startup_stm32f10x_md.o(.text)
    I2C2_EV_IRQHandler                       0x0800011f   Thumb Code     0  startup_stm32f10x_md.o(.text)
    PVD_IRQHandler                           0x0800011f   Thumb Code     0  startup_stm32f10x_md.o(.text)
    RCC_IRQHandler                           0x0800011f   Thumb Code     0  startup_stm32f10x_md.o(.text)
    RTCAlarm_IRQHandler                      0x0800011f   Thumb Code     0  startup_stm32f10x_md.o(.text)
    RTC_IRQHandler                           0x0800011f   Thumb Code     0  startup_stm32f10x_md.o(.text)
    SPI1_IRQHandler                          0x0800011f   Thumb Code     0  startup_stm32f10x_md.o(.text)
    SPI2_IRQHandler                          0x0800011f   Thumb Code     0  startup_stm32f10x_md.o(.text)
    TAMPER_IRQHandler                        0x0800011f   Thumb Code     0  startup_stm32f10x_md.o(.text)
    TIM1_BRK_IRQHandler                      0x0800011f   Thumb Code     0  startup_stm32f10x_md.o(.text)
    TIM1_CC_IRQHandler                       0x0800011f   Thumb Code     0  startup_stm32f10x_md.o(.text)
    TIM1_TRG_COM_IRQHandler                  0x0800011f   Thumb Code     0  startup_stm32f10x_md.o(.text)
    TIM1_UP_IRQHandler                       0x0800011f   Thumb Code     0  startup_stm32f10x_md.o(.text)
    TIM3_IRQHandler                          0x0800011f   Thumb Code     0  startup_stm32f10x_md.o(.text)
    TIM4_IRQHandler                          0x0800011f   Thumb Code     0  startup_stm32f10x_md.o(.text)
    USART2_IRQHandler                        0x0800011f   Thumb Code     0  startup_stm32f10x_md.o(.text)
    USBWakeUp_IRQHandler                     0x0800011f   Thumb Code     0  startup_stm32f10x_md.o(.text)
    USB_HP_CAN1_TX_IRQHandler                0x0800011f   Thumb Code     0  startup_stm32f10x_md.o(.text)
    USB_LP_CAN1_RX0_IRQHandler               0x0800011f   Thumb Code     0  startup_stm32f10x_md.o(.text)
    WWDG_IRQHandler                          0x0800011f   Thumb Code     0  startup_stm32f10x_md.o(.text)
    __aeabi_dmul                             0x08000129   Thumb Code   228  dmul.o(.text)
    __aeabi_d2uiz                            0x0800020d   Thumb Code    50  dfixui.o(.text)
    __aeabi_llsr                             0x0800023f   Thumb Code    32  llushr.o(.text)
    _ll_ushift_r                             0x0800023f   Thumb Code     0  llushr.o(.text)
    __I$use$fp                               0x0800025f   Thumb Code     0  iusefp.o(.text)
    _double_round                            0x0800025f   Thumb Code    30  depilogue.o(.text)
    _double_epilogue                         0x0800027d   Thumb Code   156  depilogue.o(.text)
    __scatterload                            0x08000319   Thumb Code    28  init.o(.text)
    __scatterload_rt2                        0x08000319   Thumb Code     0  init.o(.text)
    __aeabi_llsl                             0x0800033d   Thumb Code    30  llshl.o(.text)
    _ll_shift_l                              0x0800033d   Thumb Code     0  llshl.o(.text)
    AD9954_GPIO_Init                         0x0800035d   Thumb Code    92  ad9954.o(i.AD9954_GPIO_Init)
    AD9954_Init                              0x080003c1   Thumb Code    86  ad9954.o(i.AD9954_Init)
    AD9954_RST                               0x0800041d   Thumb Code    26  ad9954.o(i.AD9954_RST)
    AD9954_SendByte                          0x0800043d   Thumb Code    66  ad9954.o(i.AD9954_SendByte)
    AD9954_SendBytes                         0x08000485   Thumb Code    30  ad9954.o(i.AD9954_SendBytes)
    AD9954_Set_Amp                           0x080004a5   Thumb Code    40  ad9954.o(i.AD9954_Set_Amp)
    AD9954_Set_Fre                           0x080004d1   Thumb Code    56  ad9954.o(i.AD9954_Set_Fre)
    AD9954_UPDATE                            0x0800050d   Thumb Code    20  ad9954.o(i.AD9954_UPDATE)
    BusFault_Handler                         0x08000525   Thumb Code     2  stm32f10x_it.o(i.BusFault_Handler)
    DebugMon_Handler                         0x08000527   Thumb Code     2  stm32f10x_it.o(i.DebugMon_Handler)
    Delay_ms                                 0x08000529   Thumb Code    24  delay.o(i.Delay_ms)
    Delay_us                                 0x08000541   Thumb Code    32  delay.o(i.Delay_us)
    GPIO_Init                                0x08000561   Thumb Code   166  stm32f10x_gpio.o(i.GPIO_Init)
    Get_FTW                                  0x08000609   Thumb Code    18  ad9954.o(i.Get_FTW)
    HardFault_Handler                        0x08000621   Thumb Code     2  stm32f10x_it.o(i.HardFault_Handler)
    MemManage_Handler                        0x08000623   Thumb Code     2  stm32f10x_it.o(i.MemManage_Handler)
    NMI_Handler                              0x08000625   Thumb Code     2  stm32f10x_it.o(i.NMI_Handler)
    PendSV_Handler                           0x08000627   Thumb Code     2  stm32f10x_it.o(i.PendSV_Handler)
    RCC_APB2PeriphClockCmd                   0x08000629   Thumb Code    22  stm32f10x_rcc.o(i.RCC_APB2PeriphClockCmd)
    SVC_Handler                              0x08000645   Thumb Code     2  stm32f10x_it.o(i.SVC_Handler)
    SysTick_Handler                          0x080006fd   Thumb Code     2  stm32f10x_it.o(i.SysTick_Handler)
    SystemInit                               0x08000701   Thumb Code    64  system_stm32f10x.o(i.SystemInit)
    TIM2_IRQHandler                          0x08000751   Thumb Code    30  timer2.o(i.TIM2_IRQHandler)
    TIM_ClearITPendingBit                    0x0800076f   Thumb Code     6  stm32f10x_tim.o(i.TIM_ClearITPendingBit)
    TIM_GetITStatus                          0x08000775   Thumb Code    24  stm32f10x_tim.o(i.TIM_GetITStatus)
    USART1_IRQHandler                        0x0800078d   Thumb Code    60  serial.o(i.USART1_IRQHandler)
    USART3_IRQHandler                        0x080007d1   Thumb Code    48  serial_3.o(i.USART3_IRQHandler)
    USART_ClearITPendingBit                  0x08000809   Thumb Code    16  stm32f10x_usart.o(i.USART_ClearITPendingBit)
    USART_GetFlagStatus                      0x08000819   Thumb Code    14  stm32f10x_usart.o(i.USART_GetFlagStatus)
    USART_ReceiveData                        0x08000827   Thumb Code     8  stm32f10x_usart.o(i.USART_ReceiveData)
    UsageFault_Handler                       0x0800082f   Thumb Code     2  stm32f10x_it.o(i.UsageFault_Handler)
    __scatterload_copy                       0x08000831   Thumb Code    14  handlers.o(i.__scatterload_copy)
    __scatterload_null                       0x0800083f   Thumb Code     2  handlers.o(i.__scatterload_null)
    __scatterload_zeroinit                   0x08000841   Thumb Code    14  handlers.o(i.__scatterload_zeroinit)
    main                                     0x08000851   Thumb Code    22  main.o(i.main)
    Region$$Table$$Base                      0x0800086c   Number         0  anon$$obj.o(Region$$Table)
    Region$$Table$$Limit                     0x0800088c   Number         0  anon$$obj.o(Region$$Table)
    Serial_RxData_1                          0x20000000   Data           1  serial.o(.data)
    Serial_RxFlag_1                          0x20000001   Data           1  serial.o(.data)
    Receive_Data                             0x20000002   Data           4  serial.o(.data)
    Serial_RxData_3                          0x20000006   Data           1  serial_3.o(.data)
    Serial_RxFlag_3                          0x20000007   Data           1  serial_3.o(.data)
    fH_Num                                   0x20000008   Data           8  ad9954.o(.data)
    __initial_sp                             0x20000410   Data           0  startup_stm32f10x_md.o(STACK)



==============================================================================

Memory Map of the image

  Image Entry point : 0x080000ed

  Load Region LR_IROM1 (Base: 0x08000000, Size: 0x0000089c, Max: 0x00010000, ABSOLUTE)

    Execution Region ER_IROM1 (Exec base: 0x08000000, Load base: 0x08000000, Size: 0x0000088c, Max: 0x00010000, ABSOLUTE)

    Exec Addr    Load Addr    Size         Type   Attr      Idx    E Section Name        Object

    0x08000000   0x08000000   0x000000ec   Data   RO            3    RESET               startup_stm32f10x_md.o
    0x080000ec   0x080000ec   0x00000000   Code   RO         4586  * .ARM.Collect$$$$00000000  mc_w.l(entry.o)
    0x080000ec   0x080000ec   0x00000004   Code   RO         4605    .ARM.Collect$$$$00000001  mc_w.l(entry2.o)
    0x080000f0   0x080000f0   0x00000004   Code   RO         4608    .ARM.Collect$$$$00000004  mc_w.l(entry5.o)
    0x080000f4   0x080000f4   0x00000000   Code   RO         4610    .ARM.Collect$$$$00000008  mc_w.l(entry7b.o)
    0x080000f4   0x080000f4   0x00000000   Code   RO         4612    .ARM.Collect$$$$0000000A  mc_w.l(entry8b.o)
    0x080000f4   0x080000f4   0x00000008   Code   RO         4613    .ARM.Collect$$$$0000000B  mc_w.l(entry9a.o)
    0x080000fc   0x080000fc   0x00000004   Code   RO         4620    .ARM.Collect$$$$0000000E  mc_w.l(entry12b.o)
    0x08000100   0x08000100   0x00000000   Code   RO         4615    .ARM.Collect$$$$0000000F  mc_w.l(entry10a.o)
    0x08000100   0x08000100   0x00000000   Code   RO         4617    .ARM.Collect$$$$00000011  mc_w.l(entry11a.o)
    0x08000100   0x08000100   0x00000004   Code   RO         4606    .ARM.Collect$$$$00002712  mc_w.l(entry2.o)
    0x08000104   0x08000104   0x00000024   Code   RO            4    .text               startup_stm32f10x_md.o
    0x08000128   0x08000128   0x000000e4   Code   RO         4591    .text               mf_w.l(dmul.o)
    0x0800020c   0x0800020c   0x00000032   Code   RO         4601    .text               mf_w.l(dfixui.o)
    0x0800023e   0x0800023e   0x00000020   Code   RO         4621    .text               mc_w.l(llushr.o)
    0x0800025e   0x0800025e   0x00000000   Code   RO         4623    .text               mc_w.l(iusefp.o)
    0x0800025e   0x0800025e   0x000000ba   Code   RO         4626    .text               mf_w.l(depilogue.o)
    0x08000318   0x08000318   0x00000024   Code   RO         4628    .text               mc_w.l(init.o)
    0x0800033c   0x0800033c   0x0000001e   Code   RO         4630    .text               mc_w.l(llshl.o)
    0x0800035a   0x0800035a   0x00000002   PAD
    0x0800035c   0x0800035c   0x00000064   Code   RO         4438    i.AD9954_GPIO_Init  ad9954.o
    0x080003c0   0x080003c0   0x0000005c   Code   RO         4439    i.AD9954_Init       ad9954.o
    0x0800041c   0x0800041c   0x00000020   Code   RO         4440    i.AD9954_RST        ad9954.o
    0x0800043c   0x0800043c   0x00000048   Code   RO         4443    i.AD9954_SendByte   ad9954.o
    0x08000484   0x08000484   0x0000001e   Code   RO         4444    i.AD9954_SendBytes  ad9954.o
    0x080004a2   0x080004a2   0x00000002   PAD
    0x080004a4   0x080004a4   0x0000002c   Code   RO         4445    i.AD9954_Set_Amp    ad9954.o
    0x080004d0   0x080004d0   0x0000003c   Code   RO         4446    i.AD9954_Set_Fre    ad9954.o
    0x0800050c   0x0800050c   0x00000018   Code   RO         4448    i.AD9954_UPDATE     ad9954.o
    0x08000524   0x08000524   0x00000002   Code   RO         3317    i.BusFault_Handler  stm32f10x_it.o
    0x08000526   0x08000526   0x00000002   Code   RO         3318    i.DebugMon_Handler  stm32f10x_it.o
    0x08000528   0x08000528   0x00000018   Code   RO         3380    i.Delay_ms          delay.o
    0x08000540   0x08000540   0x00000020   Code   RO         3382    i.Delay_us          delay.o
    0x08000560   0x08000560   0x000000a6   Code   RO         1347    i.GPIO_Init         stm32f10x_gpio.o
    0x08000606   0x08000606   0x00000002   PAD
    0x08000608   0x08000608   0x00000018   Code   RO         4449    i.Get_FTW           ad9954.o
    0x08000620   0x08000620   0x00000002   Code   RO         3319    i.HardFault_Handler  stm32f10x_it.o
    0x08000622   0x08000622   0x00000002   Code   RO         3320    i.MemManage_Handler  stm32f10x_it.o
    0x08000624   0x08000624   0x00000002   Code   RO         3321    i.NMI_Handler       stm32f10x_it.o
    0x08000626   0x08000626   0x00000002   Code   RO         3322    i.PendSV_Handler    stm32f10x_it.o
    0x08000628   0x08000628   0x0000001c   Code   RO         1777    i.RCC_APB2PeriphClockCmd  stm32f10x_rcc.o
    0x08000644   0x08000644   0x00000002   Code   RO         3323    i.SVC_Handler       stm32f10x_it.o
    0x08000646   0x08000646   0x00000004   Code   RO           24    i.SetSysClock       system_stm32f10x.o
    0x0800064a   0x0800064a   0x00000002   PAD
    0x0800064c   0x0800064c   0x000000b0   Code   RO           25    i.SetSysClockTo72   system_stm32f10x.o
    0x080006fc   0x080006fc   0x00000002   Code   RO         3324    i.SysTick_Handler   stm32f10x_it.o
    0x080006fe   0x080006fe   0x00000002   PAD
    0x08000700   0x08000700   0x00000050   Code   RO           27    i.SystemInit        system_stm32f10x.o
    0x08000750   0x08000750   0x0000001e   Code   RO         3763    i.TIM2_IRQHandler   timer2.o
    0x0800076e   0x0800076e   0x00000006   Code   RO         2416    i.TIM_ClearITPendingBit  stm32f10x_tim.o
    0x08000774   0x08000774   0x00000018   Code   RO         2442    i.TIM_GetITStatus   stm32f10x_tim.o
    0x0800078c   0x0800078c   0x00000044   Code   RO         3525    i.USART1_IRQHandler  serial.o
    0x080007d0   0x080007d0   0x00000038   Code   RO         3668    i.USART3_IRQHandler  serial_3.o
    0x08000808   0x08000808   0x00000010   Code   RO         2957    i.USART_ClearITPendingBit  stm32f10x_usart.o
    0x08000818   0x08000818   0x0000000e   Code   RO         2963    i.USART_GetFlagStatus  stm32f10x_usart.o
    0x08000826   0x08000826   0x00000008   Code   RO         2974    i.USART_ReceiveData  stm32f10x_usart.o
    0x0800082e   0x0800082e   0x00000002   Code   RO         3325    i.UsageFault_Handler  stm32f10x_it.o
    0x08000830   0x08000830   0x0000000e   Code   RO         4634    i.__scatterload_copy  mc_w.l(handlers.o)
    0x0800083e   0x0800083e   0x00000002   Code   RO         4635    i.__scatterload_null  mc_w.l(handlers.o)
    0x08000840   0x08000840   0x0000000e   Code   RO         4636    i.__scatterload_zeroinit  mc_w.l(handlers.o)
    0x0800084e   0x0800084e   0x00000002   PAD
    0x08000850   0x08000850   0x0000001c   Code   RO         3196    i.main              main.o
    0x0800086c   0x0800086c   0x00000020   Data   RO         4632    Region$$Table       anon$$obj.o


    Execution Region RW_IRAM1 (Exec base: 0x20000000, Load base: 0x0800088c, Size: 0x00000410, Max: 0x00005000, ABSOLUTE)

    Exec Addr    Load Addr    Size         Type   Attr      Idx    E Section Name        Object

    0x20000000   0x0800088c   0x00000006   Data   RW         3526    .data               serial.o
    0x20000006   0x08000892   0x00000002   Data   RW         3669    .data               serial_3.o
    0x20000008   0x08000894   0x00000008   Data   RW         4450    .data               ad9954.o
    0x20000010        -       0x00000400   Zero   RW            1    STACK               startup_stm32f10x_md.o


==============================================================================

Image component sizes


      Code (inc. data)   RO Data    RW Data    ZI Data      Debug   Object Name

       478         44          0          8          0       5556   ad9954.o
         0          0          0          0          0       4508   core_cm3.o
        56          0          0          0          0        906   delay.o
        28          6          0          0          0       8755   main.o
         0          0          0          0          0     201676   misc.o
        68          8          0          6          0       1291   serial.o
        56          8          0          2          0        750   serial_3.o
        36          8        236          0       1024        800   startup_stm32f10x_md.o
       166          0          0          0          0      10364   stm32f10x_gpio.o
        18          0          0          0          0       3614   stm32f10x_it.o
        28          6          0          0          0        545   stm32f10x_rcc.o
        30          0          0          0          0      22062   stm32f10x_tim.o
        38          0          0          0          0       9144   stm32f10x_usart.o
       260         26          0          0          0       1877   system_stm32f10x.o
        30          0          0          0          0        462   timer2.o

    ----------------------------------------------------------------------
      1300        106        268         16       1024     272310   Object Totals
         0          0         32          0          0          0   (incl. Generated)
         8          0          0          0          0          0   (incl. Padding)

    ----------------------------------------------------------------------

      Code (inc. data)   RO Data    RW Data    ZI Data      Debug   Library Member Name

         0          0          0          0          0          0   entry.o
         0          0          0          0          0          0   entry10a.o
         0          0          0          0          0          0   entry11a.o
         4          0          0          0          0          0   entry12b.o
         8          4          0          0          0          0   entry2.o
         4          0          0          0          0          0   entry5.o
         0          0          0          0          0          0   entry7b.o
         0          0          0          0          0          0   entry8b.o
         8          4          0          0          0          0   entry9a.o
        30          0          0          0          0          0   handlers.o
        36          8          0          0          0         68   init.o
         0          0          0          0          0          0   iusefp.o
        30          0          0          0          0         68   llshl.o
        32          0          0          0          0         68   llushr.o
       186          0          0          0          0        176   depilogue.o
        50          0          0          0          0         76   dfixui.o
       228          0          0          0          0         96   dmul.o

    ----------------------------------------------------------------------
       620         16          0          0          0        552   Library Totals
         4          0          0          0          0          0   (incl. Padding)

    ----------------------------------------------------------------------

      Code (inc. data)   RO Data    RW Data    ZI Data      Debug   Library Name

       152         16          0          0          0        204   mc_w.l
       464          0          0          0          0        348   mf_w.l

    ----------------------------------------------------------------------
       620         16          0          0          0        552   Library Totals

    ----------------------------------------------------------------------

==============================================================================


      Code (inc. data)   RO Data    RW Data    ZI Data      Debug   

      1920        122        268         16       1024     271246   Grand Totals
      1920        122        268         16       1024     271246   ELF Image Totals
      1920        122        268         16          0          0   ROM Totals

==============================================================================

    Total RO  Size (Code + RO Data)                 2188 (   2.14kB)
    Total RW  Size (RW Data + ZI Data)              1040 (   1.02kB)
    Total ROM Size (Code + RO Data + RW Data)       2204 (   2.15kB)

==============================================================================

